INFO  @ Fri, 28 Aug 2026 21:03:24: Parameters: /home/waqas/miniconda3/envs/crispr/bin/mageck mle -k zhuang.count.txt -d design_high.txt -n high_mle 
INFO  @ Fri, 28 Aug 2026 21:03:25: Cannot parse design matrix as a string; try to parse it as a file name ... 
INFO  @ Fri, 28 Aug 2026 21:03:25: Design matrix: 
INFO  @ Fri, 28 Aug 2026 21:03:25: [[1. 0.] 
INFO  @ Fri, 28 Aug 2026 21:03:25:  [1. 1.] 
INFO  @ Fri, 28 Aug 2026 21:03:25:  [1. 1.]] 
INFO  @ Fri, 28 Aug 2026 21:03:25: Beta labels:baseline,NKselection 
INFO  @ Fri, 28 Aug 2026 21:03:25: Included samples:High_Ctrl,High_1,High_2 
INFO  @ Fri, 28 Aug 2026 21:03:25: Loaded samples:High_Ctrl;High_1;High_2 
INFO  @ Fri, 28 Aug 2026 21:03:25: Sample index: 4;5;6 
INFO  @ Fri, 28 Aug 2026 21:03:25: Loaded 21697 genes. 
DEBUG @ Fri, 28 Aug 2026 21:03:25: Initial (total) size factor: 0.9000552054964223 1.0347996840304534 1.0839092857824149 
DEBUG @ Fri, 28 Aug 2026 21:03:26: Median factor: 0.5502429112108816 1.5528783731642846 1.4232203082659964 
INFO  @ Fri, 28 Aug 2026 21:03:26: Final size factor: 0.5502429112108816 1.5528783731642846 1.4232203082659964 
INFO  @ Fri, 28 Aug 2026 21:03:26: size factor: 1.8173791604136598,0.6439654368824199,0.7026319075072546 
INFO  @ Fri, 28 Aug 2026 21:03:26: Thread 0 started. 
INFO  @ Fri, 28 Aug 2026 21:03:26: Thread 0: total 1 instances. 
INFO  @ Fri, 28 Aug 2026 21:03:26: Thread 0 completed. 
INFO  @ Fri, 28 Aug 2026 21:03:26: All threads completed. 
INFO  @ Fri, 28 Aug 2026 21:03:26: Modeling the mean and variance ... 
INFO  @ Fri, 28 Aug 2026 21:03:26: Run the algorithm for the second time ... 
INFO  @ Fri, 28 Aug 2026 21:03:26: Thread 0 started. 
INFO  @ Fri, 28 Aug 2026 21:03:26: Thread 0: total 21697 instances. 
INFO  @ Fri, 28 Aug 2026 21:03:26: Thread 0: Calculating HSDL1 (1) ...  
INFO  @ Fri, 28 Aug 2026 21:03:43: Thread 0: Calculating CARD6 (1001) ...  
INFO  @ Fri, 28 Aug 2026 21:03:53: Thread 0: Calculating SALL3 (2001) ...  
INFO  @ Fri, 28 Aug 2026 21:04:07: Thread 0: Calculating SPRYD3 (3001) ...  
INFO  @ Fri, 28 Aug 2026 21:04:25: Thread 0: Calculating ADPRM (4001) ...  
INFO  @ Fri, 28 Aug 2026 21:04:37: Thread 0: Calculating TARDBP (5001) ...  
INFO  @ Fri, 28 Aug 2026 21:04:53: Thread 0: Calculating MAP1LC3B2 (6001) ...  
INFO  @ Fri, 28 Aug 2026 21:05:06: Thread 0: Calculating TGDS (7001) ...  
INFO  @ Fri, 28 Aug 2026 21:05:23: Thread 0: Calculating hsa-mir-10b (8001) ...  
INFO  @ Fri, 28 Aug 2026 21:05:36: Thread 0: Calculating GBX2 (9001) ...  
INFO  @ Fri, 28 Aug 2026 21:05:45: Thread 0: Calculating FAM13C (10001) ...  
INFO  @ Fri, 28 Aug 2026 21:05:59: Thread 0: Calculating hsa-mir-3943 (11001) ...  
INFO  @ Fri, 28 Aug 2026 21:06:09: Thread 0: Calculating HCAR3 (12001) ...  
INFO  @ Fri, 28 Aug 2026 21:06:22: Thread 0: Calculating IDH3B (13001) ...  
INFO  @ Fri, 28 Aug 2026 21:06:38: Thread 0: Calculating CRYBA4 (14001) ...  
INFO  @ Fri, 28 Aug 2026 21:06:51: Thread 0: Calculating OPN1SW (15001) ...  
INFO  @ Fri, 28 Aug 2026 21:07:08: Thread 0: Calculating RPS4X (16001) ...  
INFO  @ Fri, 28 Aug 2026 21:07:20: Thread 0: Calculating ZNF397 (17001) ...  
INFO  @ Fri, 28 Aug 2026 21:07:32: Thread 0: Calculating ST8SIA1 (18001) ...  
INFO  @ Fri, 28 Aug 2026 21:07:48: Thread 0: Calculating TPSG1 (19001) ...  
INFO  @ Fri, 28 Aug 2026 21:08:05: Thread 0: Calculating GPR75-ASB3 (20001) ...  
INFO  @ Fri, 28 Aug 2026 21:08:20: Thread 0: Calculating SCN11A (21001) ...  
INFO  @ Fri, 28 Aug 2026 21:08:26: Thread 0 completed. 
INFO  @ Fri, 28 Aug 2026 21:08:26: All threads completed. 
INFO  @ Fri, 28 Aug 2026 21:08:30: Permuting groups of gene with 1 sgRNAs per gene. Group progress: 1/6 
INFO  @ Fri, 28 Aug 2026 21:08:30: Start permuting 2 rounds ... 
INFO  @ Fri, 28 Aug 2026 21:08:31: Collecting 119461 sgRNAs from 21697 genes. 
INFO  @ Fri, 28 Aug 2026 21:08:32: Permuting round 0 ... 
INFO  @ Fri, 28 Aug 2026 21:08:32: Thread 0 started. 
INFO  @ Fri, 28 Aug 2026 21:08:32: Thread 0: total 21697 instances. 
INFO  @ Fri, 28 Aug 2026 21:08:32: Thread 0: Calculating HSDL1 (1) ...  
INFO  @ Fri, 28 Aug 2026 21:08:33: Thread 0: Calculating CARD6 (1001) ...  
INFO  @ Fri, 28 Aug 2026 21:08:35: Thread 0: Calculating SALL3 (2001) ...  
INFO  @ Fri, 28 Aug 2026 21:08:36: Thread 0: Calculating SPRYD3 (3001) ...  
INFO  @ Fri, 28 Aug 2026 21:08:37: Thread 0: Calculating ADPRM (4001) ...  
INFO  @ Fri, 28 Aug 2026 21:08:39: Thread 0: Calculating TARDBP (5001) ...  
INFO  @ Fri, 28 Aug 2026 21:08:41: Thread 0: Calculating MAP1LC3B2 (6001) ...  
INFO  @ Fri, 28 Aug 2026 21:08:42: Thread 0: Calculating TGDS (7001) ...  
INFO  @ Fri, 28 Aug 2026 21:08:43: Thread 0: Calculating hsa-mir-10b (8001) ...  
INFO  @ Fri, 28 Aug 2026 21:08:45: Thread 0: Calculating GBX2 (9001) ...  
INFO  @ Fri, 28 Aug 2026 21:08:47: Thread 0: Calculating FAM13C (10001) ...  
INFO  @ Fri, 28 Aug 2026 21:08:48: Thread 0: Calculating hsa-mir-3943 (11001) ...  
INFO  @ Fri, 28 Aug 2026 21:08:49: Thread 0: Calculating HCAR3 (12001) ...  
INFO  @ Fri, 28 Aug 2026 21:08:51: Thread 0: Calculating IDH3B (13001) ...  
INFO  @ Fri, 28 Aug 2026 21:08:52: Thread 0: Calculating CRYBA4 (14001) ...  
INFO  @ Fri, 28 Aug 2026 21:08:53: Thread 0: Calculating OPN1SW (15001) ...  
INFO  @ Fri, 28 Aug 2026 21:08:55: Thread 0: Calculating RPS4X (16001) ...  
INFO  @ Fri, 28 Aug 2026 21:08:56: Thread 0: Calculating ZNF397 (17001) ...  
INFO  @ Fri, 28 Aug 2026 21:08:58: Thread 0: Calculating ST8SIA1 (18001) ...  
INFO  @ Fri, 28 Aug 2026 21:08:59: Thread 0: Calculating TPSG1 (19001) ...  
INFO  @ Fri, 28 Aug 2026 21:09:00: Thread 0: Calculating GPR75-ASB3 (20001) ...  
INFO  @ Fri, 28 Aug 2026 21:09:02: Thread 0: Calculating SCN11A (21001) ...  
INFO  @ Fri, 28 Aug 2026 21:09:03: Thread 0 completed. 
INFO  @ Fri, 28 Aug 2026 21:09:03: All threads completed. 
INFO  @ Fri, 28 Aug 2026 21:09:11: Permuting round 1 ... 
INFO  @ Fri, 28 Aug 2026 21:09:12: Thread 0 started. 
INFO  @ Fri, 28 Aug 2026 21:09:12: Thread 0: total 21697 instances. 
INFO  @ Fri, 28 Aug 2026 21:09:12: Thread 0: Calculating HSDL1 (1) ...  
INFO  @ Fri, 28 Aug 2026 21:09:13: Thread 0: Calculating CARD6 (1001) ...  
INFO  @ Fri, 28 Aug 2026 21:09:15: Thread 0: Calculating SALL3 (2001) ...  
INFO  @ Fri, 28 Aug 2026 21:09:16: Thread 0: Calculating SPRYD3 (3001) ...  
INFO  @ Fri, 28 Aug 2026 21:09:18: Thread 0: Calculating ADPRM (4001) ...  
INFO  @ Fri, 28 Aug 2026 21:09:19: Thread 0: Calculating TARDBP (5001) ...  
INFO  @ Fri, 28 Aug 2026 21:09:20: Thread 0: Calculating MAP1LC3B2 (6001) ...  
INFO  @ Fri, 28 Aug 2026 21:09:22: Thread 0: Calculating TGDS (7001) ...  
INFO  @ Fri, 28 Aug 2026 21:09:23: Thread 0: Calculating hsa-mir-10b (8001) ...  
INFO  @ Fri, 28 Aug 2026 21:09:25: Thread 0: Calculating GBX2 (9001) ...  
INFO  @ Fri, 28 Aug 2026 21:09:26: Thread 0: Calculating FAM13C (10001) ...  
INFO  @ Fri, 28 Aug 2026 21:09:27: Thread 0: Calculating hsa-mir-3943 (11001) ...  
INFO  @ Fri, 28 Aug 2026 21:09:29: Thread 0: Calculating HCAR3 (12001) ...  
INFO  @ Fri, 28 Aug 2026 21:09:30: Thread 0: Calculating IDH3B (13001) ...  
INFO  @ Fri, 28 Aug 2026 21:09:31: Thread 0: Calculating CRYBA4 (14001) ...  
INFO  @ Fri, 28 Aug 2026 21:09:33: Thread 0: Calculating OPN1SW (15001) ...  
INFO  @ Fri, 28 Aug 2026 21:09:35: Thread 0: Calculating RPS4X (16001) ...  
INFO  @ Fri, 28 Aug 2026 21:09:36: Thread 0: Calculating ZNF397 (17001) ...  
INFO  @ Fri, 28 Aug 2026 21:09:37: Thread 0: Calculating ST8SIA1 (18001) ...  
INFO  @ Fri, 28 Aug 2026 21:09:39: Thread 0: Calculating TPSG1 (19001) ...  
INFO  @ Fri, 28 Aug 2026 21:09:40: Thread 0: Calculating GPR75-ASB3 (20001) ...  
INFO  @ Fri, 28 Aug 2026 21:09:44: Thread 0: Calculating SCN11A (21001) ...  
INFO  @ Fri, 28 Aug 2026 21:09:45: Thread 0 completed. 
INFO  @ Fri, 28 Aug 2026 21:09:45: All threads completed. 
INFO  @ Fri, 28 Aug 2026 21:09:50: Assigning p values... 
INFO  @ Fri, 28 Aug 2026 21:09:50: Permuting groups of gene with 2 sgRNAs per gene. Group progress: 2/6 
INFO  @ Fri, 28 Aug 2026 21:09:50: Start permuting 2 rounds ... 
INFO  @ Fri, 28 Aug 2026 21:09:50: Collecting 119461 sgRNAs from 21697 genes. 
INFO  @ Fri, 28 Aug 2026 21:09:51: Permuting round 0 ... 
INFO  @ Fri, 28 Aug 2026 21:09:51: Thread 0 started. 
INFO  @ Fri, 28 Aug 2026 21:09:51: Thread 0: total 21697 instances. 
INFO  @ Fri, 28 Aug 2026 21:09:51: Thread 0: Calculating HSDL1 (1) ...  
INFO  @ Fri, 28 Aug 2026 21:09:57: Thread 0: Calculating CARD6 (1001) ...  
INFO  @ Fri, 28 Aug 2026 21:10:03: Thread 0: Calculating SALL3 (2001) ...  
INFO  @ Fri, 28 Aug 2026 21:10:08: Thread 0: Calculating SPRYD3 (3001) ...  
INFO  @ Fri, 28 Aug 2026 21:10:13: Thread 0: Calculating ADPRM (4001) ...  
INFO  @ Fri, 28 Aug 2026 21:10:23: Thread 0: Calculating TARDBP (5001) ...  
INFO  @ Fri, 28 Aug 2026 21:10:30: Thread 0: Calculating MAP1LC3B2 (6001) ...  
INFO  @ Fri, 28 Aug 2026 21:10:37: Thread 0: Calculating TGDS (7001) ...  
INFO  @ Fri, 28 Aug 2026 21:10:43: Thread 0: Calculating hsa-mir-10b (8001) ...  
INFO  @ Fri, 28 Aug 2026 21:10:48: Thread 0: Calculating GBX2 (9001) ...  
INFO  @ Fri, 28 Aug 2026 21:11:00: Thread 0: Calculating FAM13C (10001) ...  
INFO  @ Fri, 28 Aug 2026 21:11:07: Thread 0: Calculating hsa-mir-3943 (11001) ...  
INFO  @ Fri, 28 Aug 2026 21:11:11: Thread 0: Calculating HCAR3 (12001) ...  
INFO  @ Fri, 28 Aug 2026 21:11:16: Thread 0: Calculating IDH3B (13001) ...  
INFO  @ Fri, 28 Aug 2026 21:11:23: Thread 0: Calculating CRYBA4 (14001) ...  
INFO  @ Fri, 28 Aug 2026 21:11:29: Thread 0: Calculating OPN1SW (15001) ...  
INFO  @ Fri, 28 Aug 2026 21:11:35: Thread 0: Calculating RPS4X (16001) ...  
INFO  @ Fri, 28 Aug 2026 21:11:40: Thread 0: Calculating ZNF397 (17001) ...  
INFO  @ Fri, 28 Aug 2026 21:11:46: Thread 0: Calculating ST8SIA1 (18001) ...  
INFO  @ Fri, 28 Aug 2026 21:11:50: Thread 0: Calculating TPSG1 (19001) ...  
INFO  @ Fri, 28 Aug 2026 21:11:56: Thread 0: Calculating GPR75-ASB3 (20001) ...  
INFO  @ Fri, 28 Aug 2026 21:12:00: Thread 0: Calculating SCN11A (21001) ...  
INFO  @ Fri, 28 Aug 2026 21:12:07: Thread 0 completed. 
INFO  @ Fri, 28 Aug 2026 21:12:07: All threads completed. 
INFO  @ Fri, 28 Aug 2026 21:12:13: Permuting round 1 ... 
INFO  @ Fri, 28 Aug 2026 21:12:13: Thread 0 started. 
INFO  @ Fri, 28 Aug 2026 21:12:13: Thread 0: total 21697 instances. 
INFO  @ Fri, 28 Aug 2026 21:12:13: Thread 0: Calculating HSDL1 (1) ...  
INFO  @ Fri, 28 Aug 2026 21:12:18: Thread 0: Calculating CARD6 (1001) ...  
INFO  @ Fri, 28 Aug 2026 21:12:25: Thread 0: Calculating SALL3 (2001) ...  
INFO  @ Fri, 28 Aug 2026 21:12:30: Thread 0: Calculating SPRYD3 (3001) ...  
INFO  @ Fri, 28 Aug 2026 21:12:35: Thread 0: Calculating ADPRM (4001) ...  
INFO  @ Fri, 28 Aug 2026 21:12:44: Thread 0: Calculating TARDBP (5001) ...  
INFO  @ Fri, 28 Aug 2026 21:12:48: Thread 0: Calculating MAP1LC3B2 (6001) ...  
INFO  @ Fri, 28 Aug 2026 21:12:52: Thread 0: Calculating TGDS (7001) ...  
INFO  @ Fri, 28 Aug 2026 21:12:55: Thread 0: Calculating hsa-mir-10b (8001) ...  
INFO  @ Fri, 28 Aug 2026 21:13:00: Thread 0: Calculating GBX2 (9001) ...  
INFO  @ Fri, 28 Aug 2026 21:13:06: Thread 0: Calculating FAM13C (10001) ...  
INFO  @ Fri, 28 Aug 2026 21:13:15: Thread 0: Calculating hsa-mir-3943 (11001) ...  
INFO  @ Fri, 28 Aug 2026 21:13:21: Thread 0: Calculating HCAR3 (12001) ...  
INFO  @ Fri, 28 Aug 2026 21:13:25: Thread 0: Calculating IDH3B (13001) ...  
INFO  @ Fri, 28 Aug 2026 21:13:33: Thread 0: Calculating CRYBA4 (14001) ...  
INFO  @ Fri, 28 Aug 2026 21:13:41: Thread 0: Calculating OPN1SW (15001) ...  
INFO  @ Fri, 28 Aug 2026 21:13:45: Thread 0: Calculating RPS4X (16001) ...  
INFO  @ Fri, 28 Aug 2026 21:13:53: Thread 0: Calculating ZNF397 (17001) ...  
INFO  @ Fri, 28 Aug 2026 21:13:58: Thread 0: Calculating ST8SIA1 (18001) ...  
INFO  @ Fri, 28 Aug 2026 21:14:04: Thread 0: Calculating TPSG1 (19001) ...  
INFO  @ Fri, 28 Aug 2026 21:14:11: Thread 0: Calculating GPR75-ASB3 (20001) ...  
INFO  @ Fri, 28 Aug 2026 21:14:18: Thread 0: Calculating SCN11A (21001) ...  
INFO  @ Fri, 28 Aug 2026 21:14:22: Thread 0 completed. 
INFO  @ Fri, 28 Aug 2026 21:14:22: All threads completed. 
INFO  @ Fri, 28 Aug 2026 21:14:29: Assigning p values... 
INFO  @ Fri, 28 Aug 2026 21:14:29: Permuting groups of gene with 3 sgRNAs per gene. Group progress: 3/6 
INFO  @ Fri, 28 Aug 2026 21:14:29: Start permuting 2 rounds ... 
INFO  @ Fri, 28 Aug 2026 21:14:29: Collecting 119461 sgRNAs from 21697 genes. 
INFO  @ Fri, 28 Aug 2026 21:14:30: Permuting round 0 ... 
INFO  @ Fri, 28 Aug 2026 21:14:31: Thread 0 started. 
INFO  @ Fri, 28 Aug 2026 21:14:31: Thread 0: total 21697 instances. 
INFO  @ Fri, 28 Aug 2026 21:14:31: Thread 0: Calculating HSDL1 (1) ...  
INFO  @ Fri, 28 Aug 2026 21:14:38: Thread 0: Calculating CARD6 (1001) ...  
INFO  @ Fri, 28 Aug 2026 21:14:46: Thread 0: Calculating SALL3 (2001) ...  
INFO  @ Fri, 28 Aug 2026 21:14:51: Thread 0: Calculating SPRYD3 (3001) ...  
INFO  @ Fri, 28 Aug 2026 21:15:04: Thread 0: Calculating ADPRM (4001) ...  
INFO  @ Fri, 28 Aug 2026 21:15:10: Thread 0: Calculating TARDBP (5001) ...  
INFO  @ Fri, 28 Aug 2026 21:15:16: Thread 0: Calculating MAP1LC3B2 (6001) ...  
INFO  @ Fri, 28 Aug 2026 21:15:24: Thread 0: Calculating TGDS (7001) ...  
INFO  @ Fri, 28 Aug 2026 21:15:30: Thread 0: Calculating hsa-mir-10b (8001) ...  
INFO  @ Fri, 28 Aug 2026 21:15:41: Thread 0: Calculating GBX2 (9001) ...  
INFO  @ Fri, 28 Aug 2026 21:15:50: Thread 0: Calculating FAM13C (10001) ...  
INFO  @ Fri, 28 Aug 2026 21:15:58: Thread 0: Calculating hsa-mir-3943 (11001) ...  
INFO  @ Fri, 28 Aug 2026 21:16:05: Thread 0: Calculating HCAR3 (12001) ...  
INFO  @ Fri, 28 Aug 2026 21:16:16: Thread 0: Calculating IDH3B (13001) ...  
INFO  @ Fri, 28 Aug 2026 21:16:23: Thread 0: Calculating CRYBA4 (14001) ...  
INFO  @ Fri, 28 Aug 2026 21:16:29: Thread 0: Calculating OPN1SW (15001) ...  
INFO  @ Fri, 28 Aug 2026 21:16:36: Thread 0: Calculating RPS4X (16001) ...  
INFO  @ Fri, 28 Aug 2026 21:16:47: Thread 0: Calculating ZNF397 (17001) ...  
INFO  @ Fri, 28 Aug 2026 21:16:55: Thread 0: Calculating ST8SIA1 (18001) ...  
INFO  @ Fri, 28 Aug 2026 21:17:03: Thread 0: Calculating TPSG1 (19001) ...  
INFO  @ Fri, 28 Aug 2026 21:17:10: Thread 0: Calculating GPR75-ASB3 (20001) ...  
INFO  @ Fri, 28 Aug 2026 21:17:17: Thread 0: Calculating SCN11A (21001) ...  
INFO  @ Fri, 28 Aug 2026 21:17:29: Thread 0 completed. 
INFO  @ Fri, 28 Aug 2026 21:17:29: All threads completed. 
INFO  @ Fri, 28 Aug 2026 21:17:35: Permuting round 1 ... 
INFO  @ Fri, 28 Aug 2026 21:17:35: Thread 0 started. 
INFO  @ Fri, 28 Aug 2026 21:17:35: Thread 0: total 21697 instances. 
INFO  @ Fri, 28 Aug 2026 21:17:35: Thread 0: Calculating HSDL1 (1) ...  
INFO  @ Fri, 28 Aug 2026 21:17:46: Thread 0: Calculating CARD6 (1001) ...  
INFO  @ Fri, 28 Aug 2026 21:17:57: Thread 0: Calculating SALL3 (2001) ...  
INFO  @ Fri, 28 Aug 2026 21:18:05: Thread 0: Calculating SPRYD3 (3001) ...  
INFO  @ Fri, 28 Aug 2026 21:18:18: Thread 0: Calculating ADPRM (4001) ...  
INFO  @ Fri, 28 Aug 2026 21:18:26: Thread 0: Calculating TARDBP (5001) ...  
INFO  @ Fri, 28 Aug 2026 21:18:35: Thread 0: Calculating MAP1LC3B2 (6001) ...  
INFO  @ Fri, 28 Aug 2026 21:18:43: Thread 0: Calculating TGDS (7001) ...  
INFO  @ Fri, 28 Aug 2026 21:18:49: Thread 0: Calculating hsa-mir-10b (8001) ...  
INFO  @ Fri, 28 Aug 2026 21:19:02: Thread 0: Calculating GBX2 (9001) ...  
INFO  @ Fri, 28 Aug 2026 21:19:11: Thread 0: Calculating FAM13C (10001) ...  
INFO  @ Fri, 28 Aug 2026 21:19:20: Thread 0: Calculating hsa-mir-3943 (11001) ...  
INFO  @ Fri, 28 Aug 2026 21:19:33: Thread 0: Calculating HCAR3 (12001) ...  
INFO  @ Fri, 28 Aug 2026 21:19:45: Thread 0: Calculating IDH3B (13001) ...  
INFO  @ Fri, 28 Aug 2026 21:19:55: Thread 0: Calculating CRYBA4 (14001) ...  
INFO  @ Fri, 28 Aug 2026 21:20:07: Thread 0: Calculating OPN1SW (15001) ...  
INFO  @ Fri, 28 Aug 2026 21:20:18: Thread 0: Calculating RPS4X (16001) ...  
INFO  @ Fri, 28 Aug 2026 21:20:24: Thread 0: Calculating ZNF397 (17001) ...  
INFO  @ Fri, 28 Aug 2026 21:20:35: Thread 0: Calculating ST8SIA1 (18001) ...  
INFO  @ Fri, 28 Aug 2026 21:20:46: Thread 0: Calculating TPSG1 (19001) ...  
INFO  @ Fri, 28 Aug 2026 21:20:51: Thread 0: Calculating GPR75-ASB3 (20001) ...  
INFO  @ Fri, 28 Aug 2026 21:21:02: Thread 0: Calculating SCN11A (21001) ...  
INFO  @ Fri, 28 Aug 2026 21:21:07: Thread 0 completed. 
INFO  @ Fri, 28 Aug 2026 21:21:07: All threads completed. 
INFO  @ Fri, 28 Aug 2026 21:21:13: Assigning p values... 
INFO  @ Fri, 28 Aug 2026 21:21:13: Permuting groups of gene with 4 sgRNAs per gene. Group progress: 4/6 
INFO  @ Fri, 28 Aug 2026 21:21:13: Start permuting 2 rounds ... 
INFO  @ Fri, 28 Aug 2026 21:21:14: Collecting 119461 sgRNAs from 21697 genes. 
INFO  @ Fri, 28 Aug 2026 21:21:14: Permuting round 0 ... 
INFO  @ Fri, 28 Aug 2026 21:21:15: Thread 0 started. 
INFO  @ Fri, 28 Aug 2026 21:21:15: Thread 0: total 21697 instances. 
INFO  @ Fri, 28 Aug 2026 21:21:15: Thread 0: Calculating HSDL1 (1) ...  
INFO  @ Fri, 28 Aug 2026 21:21:27: Thread 0: Calculating CARD6 (1001) ...  
INFO  @ Fri, 28 Aug 2026 21:21:40: Thread 0: Calculating SALL3 (2001) ...  
INFO  @ Fri, 28 Aug 2026 21:21:50: Thread 0: Calculating SPRYD3 (3001) ...  
INFO  @ Fri, 28 Aug 2026 21:22:00: Thread 0: Calculating ADPRM (4001) ...  
INFO  @ Fri, 28 Aug 2026 21:22:14: Thread 0: Calculating TARDBP (5001) ...  
INFO  @ Fri, 28 Aug 2026 21:22:32: Thread 0: Calculating MAP1LC3B2 (6001) ...  
INFO  @ Fri, 28 Aug 2026 21:22:43: Thread 0: Calculating TGDS (7001) ...  
INFO  @ Fri, 28 Aug 2026 21:22:57: Thread 0: Calculating hsa-mir-10b (8001) ...  
INFO  @ Fri, 28 Aug 2026 21:23:07: Thread 0: Calculating GBX2 (9001) ...  
INFO  @ Fri, 28 Aug 2026 21:23:17: Thread 0: Calculating FAM13C (10001) ...  
INFO  @ Fri, 28 Aug 2026 21:23:30: Thread 0: Calculating hsa-mir-3943 (11001) ...  
INFO  @ Fri, 28 Aug 2026 21:23:38: Thread 0: Calculating HCAR3 (12001) ...  
INFO  @ Fri, 28 Aug 2026 21:23:47: Thread 0: Calculating IDH3B (13001) ...  
INFO  @ Fri, 28 Aug 2026 21:24:02: Thread 0: Calculating CRYBA4 (14001) ...  
INFO  @ Fri, 28 Aug 2026 21:24:09: Thread 0: Calculating OPN1SW (15001) ...  
INFO  @ Fri, 28 Aug 2026 21:24:16: Thread 0: Calculating RPS4X (16001) ...  
INFO  @ Fri, 28 Aug 2026 21:24:24: Thread 0: Calculating ZNF397 (17001) ...  
INFO  @ Fri, 28 Aug 2026 21:24:34: Thread 0: Calculating ST8SIA1 (18001) ...  
INFO  @ Fri, 28 Aug 2026 21:24:45: Thread 0: Calculating TPSG1 (19001) ...  
INFO  @ Fri, 28 Aug 2026 21:24:54: Thread 0: Calculating GPR75-ASB3 (20001) ...  
INFO  @ Fri, 28 Aug 2026 21:25:04: Thread 0: Calculating SCN11A (21001) ...  
INFO  @ Fri, 28 Aug 2026 21:25:13: Thread 0 completed. 
INFO  @ Fri, 28 Aug 2026 21:25:13: All threads completed. 
INFO  @ Fri, 28 Aug 2026 21:25:17: Permuting round 1 ... 
INFO  @ Fri, 28 Aug 2026 21:25:17: Thread 0 started. 
INFO  @ Fri, 28 Aug 2026 21:25:17: Thread 0: total 21697 instances. 
INFO  @ Fri, 28 Aug 2026 21:25:17: Thread 0: Calculating HSDL1 (1) ...  
INFO  @ Fri, 28 Aug 2026 21:25:27: Thread 0: Calculating CARD6 (1001) ...  
INFO  @ Fri, 28 Aug 2026 21:25:35: Thread 0: Calculating SALL3 (2001) ...  
INFO  @ Fri, 28 Aug 2026 21:25:47: Thread 0: Calculating SPRYD3 (3001) ...  
INFO  @ Fri, 28 Aug 2026 21:25:55: Thread 0: Calculating ADPRM (4001) ...  
INFO  @ Fri, 28 Aug 2026 21:26:04: Thread 0: Calculating TARDBP (5001) ...  
INFO  @ Fri, 28 Aug 2026 21:26:15: Thread 0: Calculating MAP1LC3B2 (6001) ...  
INFO  @ Fri, 28 Aug 2026 21:26:26: Thread 0: Calculating TGDS (7001) ...  
INFO  @ Fri, 28 Aug 2026 21:26:37: Thread 0: Calculating hsa-mir-10b (8001) ...  
INFO  @ Fri, 28 Aug 2026 21:26:47: Thread 0: Calculating GBX2 (9001) ...  
INFO  @ Fri, 28 Aug 2026 21:26:56: Thread 0: Calculating FAM13C (10001) ...  
INFO  @ Fri, 28 Aug 2026 21:27:07: Thread 0: Calculating hsa-mir-3943 (11001) ...  
INFO  @ Fri, 28 Aug 2026 21:27:17: Thread 0: Calculating HCAR3 (12001) ...  
INFO  @ Fri, 28 Aug 2026 21:27:28: Thread 0: Calculating IDH3B (13001) ...  
INFO  @ Fri, 28 Aug 2026 21:27:36: Thread 0: Calculating CRYBA4 (14001) ...  
INFO  @ Fri, 28 Aug 2026 21:27:43: Thread 0: Calculating OPN1SW (15001) ...  
INFO  @ Fri, 28 Aug 2026 21:27:53: Thread 0: Calculating RPS4X (16001) ...  
INFO  @ Fri, 28 Aug 2026 21:28:04: Thread 0: Calculating ZNF397 (17001) ...  
INFO  @ Fri, 28 Aug 2026 21:28:10: Thread 0: Calculating ST8SIA1 (18001) ...  
INFO  @ Fri, 28 Aug 2026 21:28:23: Thread 0: Calculating TPSG1 (19001) ...  
INFO  @ Fri, 28 Aug 2026 21:28:34: Thread 0: Calculating GPR75-ASB3 (20001) ...  
INFO  @ Fri, 28 Aug 2026 21:28:48: Thread 0: Calculating SCN11A (21001) ...  
INFO  @ Fri, 28 Aug 2026 21:28:56: Thread 0 completed. 
INFO  @ Fri, 28 Aug 2026 21:28:56: All threads completed. 
INFO  @ Fri, 28 Aug 2026 21:29:01: Assigning p values... 
INFO  @ Fri, 28 Aug 2026 21:29:01: Permuting groups of gene with 5 sgRNAs per gene. Group progress: 5/6 
INFO  @ Fri, 28 Aug 2026 21:29:01: Start permuting 2 rounds ... 
INFO  @ Fri, 28 Aug 2026 21:29:02: Collecting 119461 sgRNAs from 21697 genes. 
INFO  @ Fri, 28 Aug 2026 21:29:02: Permuting round 0 ... 
INFO  @ Fri, 28 Aug 2026 21:29:03: Thread 0 started. 
INFO  @ Fri, 28 Aug 2026 21:29:03: Thread 0: total 21697 instances. 
INFO  @ Fri, 28 Aug 2026 21:29:03: Thread 0: Calculating HSDL1 (1) ...  
INFO  @ Fri, 28 Aug 2026 21:29:21: Thread 0: Calculating CARD6 (1001) ...  
INFO  @ Fri, 28 Aug 2026 21:29:32: Thread 0: Calculating SALL3 (2001) ...  
INFO  @ Fri, 28 Aug 2026 21:29:44: Thread 0: Calculating SPRYD3 (3001) ...  
INFO  @ Fri, 28 Aug 2026 21:29:59: Thread 0: Calculating ADPRM (4001) ...  
INFO  @ Fri, 28 Aug 2026 21:30:09: Thread 0: Calculating TARDBP (5001) ...  
INFO  @ Fri, 28 Aug 2026 21:30:20: Thread 0: Calculating MAP1LC3B2 (6001) ...  
INFO  @ Fri, 28 Aug 2026 21:30:35: Thread 0: Calculating TGDS (7001) ...  
INFO  @ Fri, 28 Aug 2026 21:30:50: Thread 0: Calculating hsa-mir-10b (8001) ...  
INFO  @ Fri, 28 Aug 2026 21:31:02: Thread 0: Calculating GBX2 (9001) ...  
INFO  @ Fri, 28 Aug 2026 21:31:15: Thread 0: Calculating FAM13C (10001) ...  
INFO  @ Fri, 28 Aug 2026 21:31:30: Thread 0: Calculating hsa-mir-3943 (11001) ...  
INFO  @ Fri, 28 Aug 2026 21:31:44: Thread 0: Calculating HCAR3 (12001) ...  
INFO  @ Fri, 28 Aug 2026 21:31:57: Thread 0: Calculating IDH3B (13001) ...  
INFO  @ Fri, 28 Aug 2026 21:32:12: Thread 0: Calculating CRYBA4 (14001) ...  
INFO  @ Fri, 28 Aug 2026 21:32:27: Thread 0: Calculating OPN1SW (15001) ...  
INFO  @ Fri, 28 Aug 2026 21:32:42: Thread 0: Calculating RPS4X (16001) ...  
INFO  @ Fri, 28 Aug 2026 21:32:53: Thread 0: Calculating ZNF397 (17001) ...  
INFO  @ Fri, 28 Aug 2026 21:33:04: Thread 0: Calculating ST8SIA1 (18001) ...  
INFO  @ Fri, 28 Aug 2026 21:33:18: Thread 0: Calculating TPSG1 (19001) ...  
INFO  @ Fri, 28 Aug 2026 21:33:28: Thread 0: Calculating GPR75-ASB3 (20001) ...  
INFO  @ Fri, 28 Aug 2026 21:33:46: Thread 0: Calculating SCN11A (21001) ...  
INFO  @ Fri, 28 Aug 2026 21:33:58: Thread 0 completed. 
INFO  @ Fri, 28 Aug 2026 21:33:58: All threads completed. 
INFO  @ Fri, 28 Aug 2026 21:34:03: Permuting round 1 ... 
INFO  @ Fri, 28 Aug 2026 21:34:03: Thread 0 started. 
INFO  @ Fri, 28 Aug 2026 21:34:03: Thread 0: total 21697 instances. 
INFO  @ Fri, 28 Aug 2026 21:34:03: Thread 0: Calculating HSDL1 (1) ...  
INFO  @ Fri, 28 Aug 2026 21:34:16: Thread 0: Calculating CARD6 (1001) ...  
INFO  @ Fri, 28 Aug 2026 21:34:28: Thread 0: Calculating SALL3 (2001) ...  
INFO  @ Fri, 28 Aug 2026 21:34:43: Thread 0: Calculating SPRYD3 (3001) ...  
INFO  @ Fri, 28 Aug 2026 21:34:51: Thread 0: Calculating ADPRM (4001) ...  
INFO  @ Fri, 28 Aug 2026 21:35:01: Thread 0: Calculating TARDBP (5001) ...  
INFO  @ Fri, 28 Aug 2026 21:35:17: Thread 0: Calculating MAP1LC3B2 (6001) ...  
INFO  @ Fri, 28 Aug 2026 21:35:28: Thread 0: Calculating TGDS (7001) ...  
INFO  @ Fri, 28 Aug 2026 21:35:42: Thread 0: Calculating hsa-mir-10b (8001) ...  
INFO  @ Fri, 28 Aug 2026 21:35:58: Thread 0: Calculating GBX2 (9001) ...  
INFO  @ Fri, 28 Aug 2026 21:36:08: Thread 0: Calculating FAM13C (10001) ...  
INFO  @ Fri, 28 Aug 2026 21:36:19: Thread 0: Calculating hsa-mir-3943 (11001) ...  
INFO  @ Fri, 28 Aug 2026 21:36:36: Thread 0: Calculating HCAR3 (12001) ...  
INFO  @ Fri, 28 Aug 2026 21:36:49: Thread 0: Calculating IDH3B (13001) ...  
INFO  @ Fri, 28 Aug 2026 21:36:58: Thread 0: Calculating CRYBA4 (14001) ...  
INFO  @ Fri, 28 Aug 2026 21:37:11: Thread 0: Calculating OPN1SW (15001) ...  
INFO  @ Fri, 28 Aug 2026 21:37:23: Thread 0: Calculating RPS4X (16001) ...  
INFO  @ Fri, 28 Aug 2026 21:37:33: Thread 0: Calculating ZNF397 (17001) ...  
INFO  @ Fri, 28 Aug 2026 21:37:50: Thread 0: Calculating ST8SIA1 (18001) ...  
INFO  @ Fri, 28 Aug 2026 21:38:01: Thread 0: Calculating TPSG1 (19001) ...  
INFO  @ Fri, 28 Aug 2026 21:38:14: Thread 0: Calculating GPR75-ASB3 (20001) ...  
INFO  @ Fri, 28 Aug 2026 21:38:25: Thread 0: Calculating SCN11A (21001) ...  
INFO  @ Fri, 28 Aug 2026 21:38:34: Thread 0 completed. 
INFO  @ Fri, 28 Aug 2026 21:38:34: All threads completed. 
INFO  @ Fri, 28 Aug 2026 21:38:38: Assigning p values... 
INFO  @ Fri, 28 Aug 2026 21:38:38: Permuting groups of gene with 6 sgRNAs per gene. Group progress: 6/6 
INFO  @ Fri, 28 Aug 2026 21:38:38: Start permuting 2 rounds ... 
INFO  @ Fri, 28 Aug 2026 21:38:39: Collecting 119461 sgRNAs from 21697 genes. 
INFO  @ Fri, 28 Aug 2026 21:38:40: Permuting round 0 ... 
INFO  @ Fri, 28 Aug 2026 21:38:40: Thread 0 started. 
INFO  @ Fri, 28 Aug 2026 21:38:40: Thread 0: total 21697 instances. 
INFO  @ Fri, 28 Aug 2026 21:38:40: Thread 0: Calculating HSDL1 (1) ...  
INFO  @ Fri, 28 Aug 2026 21:39:02: Thread 0: Calculating CARD6 (1001) ...  
INFO  @ Fri, 28 Aug 2026 21:39:19: Thread 0: Calculating SALL3 (2001) ...  
INFO  @ Fri, 28 Aug 2026 21:39:42: Thread 0: Calculating SPRYD3 (3001) ...  
INFO  @ Fri, 28 Aug 2026 21:39:59: Thread 0: Calculating ADPRM (4001) ...  
INFO  @ Fri, 28 Aug 2026 21:40:14: Thread 0: Calculating TARDBP (5001) ...  
INFO  @ Fri, 28 Aug 2026 21:40:24: Thread 0: Calculating MAP1LC3B2 (6001) ...  
INFO  @ Fri, 28 Aug 2026 21:40:41: Thread 0: Calculating TGDS (7001) ...  
INFO  @ Fri, 28 Aug 2026 21:40:56: Thread 0: Calculating hsa-mir-10b (8001) ...  
INFO  @ Fri, 28 Aug 2026 21:41:14: Thread 0: Calculating GBX2 (9001) ...  
INFO  @ Fri, 28 Aug 2026 21:41:30: Thread 0: Calculating FAM13C (10001) ...  
INFO  @ Fri, 28 Aug 2026 21:41:44: Thread 0: Calculating hsa-mir-3943 (11001) ...  
INFO  @ Fri, 28 Aug 2026 21:42:02: Thread 0: Calculating HCAR3 (12001) ...  
INFO  @ Fri, 28 Aug 2026 21:42:15: Thread 0: Calculating IDH3B (13001) ...  
INFO  @ Fri, 28 Aug 2026 21:42:27: Thread 0: Calculating CRYBA4 (14001) ...  
INFO  @ Fri, 28 Aug 2026 21:42:49: Thread 0: Calculating OPN1SW (15001) ...  
INFO  @ Fri, 28 Aug 2026 21:43:02: Thread 0: Calculating RPS4X (16001) ...  
INFO  @ Fri, 28 Aug 2026 21:43:17: Thread 0: Calculating ZNF397 (17001) ...  
INFO  @ Fri, 28 Aug 2026 21:43:38: Thread 0: Calculating ST8SIA1 (18001) ...  
INFO  @ Fri, 28 Aug 2026 21:43:59: Thread 0: Calculating TPSG1 (19001) ...  
INFO  @ Fri, 28 Aug 2026 21:44:14: Thread 0: Calculating GPR75-ASB3 (20001) ...  
INFO  @ Fri, 28 Aug 2026 21:44:28: Thread 0: Calculating SCN11A (21001) ...  
INFO  @ Fri, 28 Aug 2026 21:44:36: Thread 0 completed. 
INFO  @ Fri, 28 Aug 2026 21:44:36: All threads completed. 
INFO  @ Fri, 28 Aug 2026 21:44:44: Permuting round 1 ... 
INFO  @ Fri, 28 Aug 2026 21:44:45: Thread 0 started. 
INFO  @ Fri, 28 Aug 2026 21:44:45: Thread 0: total 21697 instances. 
INFO  @ Fri, 28 Aug 2026 21:44:45: Thread 0: Calculating HSDL1 (1) ...  
INFO  @ Fri, 28 Aug 2026 21:45:15: Thread 0: Calculating CARD6 (1001) ...  
INFO  @ Fri, 28 Aug 2026 21:45:32: Thread 0: Calculating SALL3 (2001) ...  
INFO  @ Fri, 28 Aug 2026 21:45:49: Thread 0: Calculating SPRYD3 (3001) ...  
INFO  @ Fri, 28 Aug 2026 21:46:10: Thread 0: Calculating ADPRM (4001) ...  
INFO  @ Fri, 28 Aug 2026 21:46:30: Thread 0: Calculating TARDBP (5001) ...  
INFO  @ Fri, 28 Aug 2026 21:46:48: Thread 0: Calculating MAP1LC3B2 (6001) ...  
INFO  @ Fri, 28 Aug 2026 21:47:07: Thread 0: Calculating TGDS (7001) ...  
INFO  @ Fri, 28 Aug 2026 21:47:28: Thread 0: Calculating hsa-mir-10b (8001) ...  
INFO  @ Fri, 28 Aug 2026 21:47:59: Thread 0: Calculating GBX2 (9001) ...  
INFO  @ Fri, 28 Aug 2026 21:48:12: Thread 0: Calculating FAM13C (10001) ...  
INFO  @ Fri, 28 Aug 2026 21:48:34: Thread 0: Calculating hsa-mir-3943 (11001) ...  
INFO  @ Fri, 28 Aug 2026 21:48:56: Thread 0: Calculating HCAR3 (12001) ...  
INFO  @ Fri, 28 Aug 2026 21:49:11: Thread 0: Calculating IDH3B (13001) ...  
INFO  @ Fri, 28 Aug 2026 21:49:33: Thread 0: Calculating CRYBA4 (14001) ...  
INFO  @ Fri, 28 Aug 2026 21:49:57: Thread 0: Calculating OPN1SW (15001) ...  
INFO  @ Fri, 28 Aug 2026 21:50:22: Thread 0: Calculating RPS4X (16001) ...  
INFO  @ Fri, 28 Aug 2026 21:50:41: Thread 0: Calculating ZNF397 (17001) ...  
INFO  @ Fri, 28 Aug 2026 21:50:56: Thread 0: Calculating ST8SIA1 (18001) ...  
INFO  @ Fri, 28 Aug 2026 21:51:13: Thread 0: Calculating TPSG1 (19001) ...  
INFO  @ Fri, 28 Aug 2026 21:51:39: Thread 0: Calculating GPR75-ASB3 (20001) ...  
INFO  @ Fri, 28 Aug 2026 21:52:01: Thread 0: Calculating SCN11A (21001) ...  
INFO  @ Fri, 28 Aug 2026 21:52:19: Thread 0 completed. 
INFO  @ Fri, 28 Aug 2026 21:52:19: All threads completed. 
INFO  @ Fri, 28 Aug 2026 21:52:43: Assigning p values... 
INFO  @ Fri, 28 Aug 2026 21:52:46: Writing gene results to high_mle.gene_summary.txt 
INFO  @ Fri, 28 Aug 2026 21:52:46: Writing sgRNA results to high_mle.sgrna_summary.txt 
