INFO  @ Fri, 28 Aug 2026 13:19:07: Parameters: /home/waqas/miniconda3/envs/crispr/bin/mageck test -k zhuang.count.txt -t High_1,High_2 -c High_Ctrl -n high_rra 
INFO  @ Fri, 28 Aug 2026 13:19:07: Welcome to MAGeCK v0.5.9.5. Command: test 
INFO  @ Fri, 28 Aug 2026 13:19:07: Loading count table from zhuang.count.txt  
INFO  @ Fri, 28 Aug 2026 13:19:07: Processing 1 lines.. 
DEBUG @ Fri, 28 Aug 2026 13:19:07: Parsing error in line 1 (usually the header line). Skip this line. 
INFO  @ Fri, 28 Aug 2026 13:19:08: Processing 100001 lines.. 
INFO  @ Fri, 28 Aug 2026 13:19:08: Loaded 119461 records. 
INFO  @ Fri, 28 Aug 2026 13:19:08: Loading Rnw template file: /home/waqas/miniconda3/envs/crispr/lib/python3.11/site-packages/mageck/test_report.Rmd. 
DEBUG @ Fri, 28 Aug 2026 13:19:08: Setting up the visualization module... 
INFO  @ Fri, 28 Aug 2026 13:19:08: Loading R template file: /home/waqas/miniconda3/envs/crispr/lib/python3.11/site-packages/mageck/plot_template.RTemplate. 
INFO  @ Fri, 28 Aug 2026 13:19:08: Loading R template file: /home/waqas/miniconda3/envs/crispr/lib/python3.11/site-packages/mageck/plot_template_indvgene.RTemplate. 
INFO  @ Fri, 28 Aug 2026 13:19:08: Loading Rnw template file: /home/waqas/miniconda3/envs/crispr/lib/python3.11/site-packages/mageck/plot_template.Rnw. 
DEBUG @ Fri, 28 Aug 2026 13:19:08: Setting up the visualization module... 
DEBUG @ Fri, 28 Aug 2026 13:19:08: Given sample labels: High_1,High_2 
DEBUG @ Fri, 28 Aug 2026 13:19:08: Converted index: 5 6 
INFO  @ Fri, 28 Aug 2026 13:19:08: Treatment samples:High_1,High_2 
INFO  @ Fri, 28 Aug 2026 13:19:08: Treatment sample index:5,6 
DEBUG @ Fri, 28 Aug 2026 13:19:08: Given sample labels: High_Ctrl 
DEBUG @ Fri, 28 Aug 2026 13:19:08: Converted index: 4 
INFO  @ Fri, 28 Aug 2026 13:19:08: Control samples:High_Ctrl 
INFO  @ Fri, 28 Aug 2026 13:19:08: Control sample index:4 
DEBUG @ Fri, 28 Aug 2026 13:19:08: Initial (total) size factor: 0.8992945625942574 1.0351045284009597 1.0846795330034236 
DEBUG @ Fri, 28 Aug 2026 13:19:08: Median factor: 0.4936941957468098 1.455939200006595 1.3351440323730424 
INFO  @ Fri, 28 Aug 2026 13:19:08: Final size factor: 0.4936941957468098 1.455939200006595 1.3351440323730424 
INFO  @ Fri, 28 Aug 2026 13:19:10: Detecting outliers from variance estimation.. Avg read count:[40.4829240512384], Var: [223076.30836432287] 
INFO  @ Fri, 28 Aug 2026 13:19:10: Skipping 779 sgRNAs from variance calculation because of their extreme high counts (> 4* STD (mean counts) ). 
DEBUG @ Fri, 28 Aug 2026 13:19:10: Adjusted model: 1.965275866688287	0 
INFO  @ Fri, 28 Aug 2026 13:19:10: Raw variance calculation: 0.0 for control, 1.0 for treatment 
INFO  @ Fri, 28 Aug 2026 13:19:10: Before RRA, 5943 sgRNAs are removed with zero counts in both group(s). 
INFO  @ Fri, 28 Aug 2026 13:19:10: Use qnorm to reversely calculate sgRNA scores ... 
DEBUG @ Fri, 28 Aug 2026 13:19:13: lower test FDR cutoff: 0.37457495727549817 
DEBUG @ Fri, 28 Aug 2026 13:19:13: higher test FDR cutoff: 0.3888722493349072 
INFO  @ Fri, 28 Aug 2026 13:19:13: Running command: RRA -i high_rra.plow.txt -o high_rra.gene.low.txt -p 0.37457495727549817 --skip-gene NA --skip-gene na  
INFO  @ Fri, 28 Aug 2026 13:19:20: Command message: 
INFO  @ Fri, 28 Aug 2026 13:19:20:   Welcome to RRA v 0.5.9. 
INFO  @ Fri, 28 Aug 2026 13:19:20:   Skipping gene NA for permutation ... 
INFO  @ Fri, 28 Aug 2026 13:19:20:   Skipping gene na for permutation ... 
INFO  @ Fri, 28 Aug 2026 13:19:20:   Reading input file... 
INFO  @ Fri, 28 Aug 2026 13:19:20:   Summary: 113518 sgRNAs, 21686 genes, 1 lists; skipped sgRNAs:0 
INFO  @ Fri, 28 Aug 2026 13:19:20:   Computing lo-values for each group... 
INFO  @ Fri, 28 Aug 2026 13:19:20:   Computing false discovery rate... 
INFO  @ Fri, 28 Aug 2026 13:19:20:   Permuting genes with 1 sgRNAs... 
INFO  @ Fri, 28 Aug 2026 13:19:20:   Permuting genes with 2 sgRNAs... 
INFO  @ Fri, 28 Aug 2026 13:19:20:   Permuting genes with 3 sgRNAs... 
INFO  @ Fri, 28 Aug 2026 13:19:20:   Permuting genes with 4 sgRNAs... 
INFO  @ Fri, 28 Aug 2026 13:19:20:   Permuting genes with 5 sgRNAs... 
INFO  @ Fri, 28 Aug 2026 13:19:20:   Permuting genes with 6 sgRNAs... 
INFO  @ Fri, 28 Aug 2026 13:19:20:   Number of genes under FDR adjustment: 21686 
INFO  @ Fri, 28 Aug 2026 13:19:20:   Saving to output file... 
INFO  @ Fri, 28 Aug 2026 13:19:20:   RRA completed. 
INFO  @ Fri, 28 Aug 2026 13:19:20:   Groups deletion complete. 
INFO  @ Fri, 28 Aug 2026 13:19:20:   Lists deletion complete. 
INFO  @ Fri, 28 Aug 2026 13:19:20:    
INFO  @ Fri, 28 Aug 2026 13:19:20: End command message. 
INFO  @ Fri, 28 Aug 2026 13:19:20: Running command: RRA -i high_rra.phigh.txt -o high_rra.gene.high.txt -p 0.3888722493349072 --skip-gene NA --skip-gene na  
INFO  @ Fri, 28 Aug 2026 13:19:28: Command message: 
INFO  @ Fri, 28 Aug 2026 13:19:28:   Welcome to RRA v 0.5.9. 
INFO  @ Fri, 28 Aug 2026 13:19:28:   Skipping gene NA for permutation ... 
INFO  @ Fri, 28 Aug 2026 13:19:28:   Skipping gene na for permutation ... 
INFO  @ Fri, 28 Aug 2026 13:19:28:   Reading input file... 
INFO  @ Fri, 28 Aug 2026 13:19:28:   Summary: 113518 sgRNAs, 21686 genes, 1 lists; skipped sgRNAs:0 
INFO  @ Fri, 28 Aug 2026 13:19:28:   Computing lo-values for each group... 
INFO  @ Fri, 28 Aug 2026 13:19:28:   Computing false discovery rate... 
INFO  @ Fri, 28 Aug 2026 13:19:28:   Permuting genes with 1 sgRNAs... 
INFO  @ Fri, 28 Aug 2026 13:19:28:   Permuting genes with 2 sgRNAs... 
INFO  @ Fri, 28 Aug 2026 13:19:28:   Permuting genes with 3 sgRNAs... 
INFO  @ Fri, 28 Aug 2026 13:19:28:   Permuting genes with 4 sgRNAs... 
INFO  @ Fri, 28 Aug 2026 13:19:28:   Permuting genes with 5 sgRNAs... 
INFO  @ Fri, 28 Aug 2026 13:19:28:   Permuting genes with 6 sgRNAs... 
INFO  @ Fri, 28 Aug 2026 13:19:28:   Number of genes under FDR adjustment: 21686 
INFO  @ Fri, 28 Aug 2026 13:19:28:   Saving to output file... 
INFO  @ Fri, 28 Aug 2026 13:19:28:   RRA completed. 
INFO  @ Fri, 28 Aug 2026 13:19:28:   Groups deletion complete. 
INFO  @ Fri, 28 Aug 2026 13:19:28:   Lists deletion complete. 
INFO  @ Fri, 28 Aug 2026 13:19:28:    
INFO  @ Fri, 28 Aug 2026 13:19:28: End command message. 
DEBUG @ Fri, 28 Aug 2026 13:19:28: Sorting the merged items by negative selection... 
INFO  @ Fri, 28 Aug 2026 13:19:28: Loading top 10 genes from high_rra.gene.low.txt: hsa-mir-6859-2,SRCAP,CHST4,MECOM,C20orf173,ERRFI1,CDH10,OR8D1,TNPO2,B2M 
DEBUG @ Fri, 28 Aug 2026 13:19:28: Column index:3 
INFO  @ Fri, 28 Aug 2026 13:19:28: Loading top 10 genes from high_rra.gene.high.txt: NCR3LG1,PCGF1,LRIF1,DET1,HMX3,SERF2,FGF6,MYLIP,MYADM,MRPS12 
DEBUG @ Fri, 28 Aug 2026 13:19:28: Column index:9 
INFO  @ Fri, 28 Aug 2026 13:19:28: Running command: rm high_rra.plow.txt 
INFO  @ Fri, 28 Aug 2026 13:19:28: Running command: rm high_rra.phigh.txt 
INFO  @ Fri, 28 Aug 2026 13:19:28: Running command: rm high_rra.gene.low.txt 
INFO  @ Fri, 28 Aug 2026 13:19:28: Running command: rm high_rra.gene.high.txt 
