INFO  @ Fri, 28 Aug 2026 14:03:16: Parameters: /home/waqas/miniconda3/envs/crispr/bin/mageck mle -k zhuang.count.txt -d design_low.txt -n low_mle 
INFO  @ Fri, 28 Aug 2026 14:03:17: Cannot parse design matrix as a string; try to parse it as a file name ... 
INFO  @ Fri, 28 Aug 2026 14:03:17: Design matrix: 
INFO  @ Fri, 28 Aug 2026 14:03:17: [[1. 0.] 
INFO  @ Fri, 28 Aug 2026 14:03:17:  [1. 1.] 
INFO  @ Fri, 28 Aug 2026 14:03:17:  [1. 0.] 
INFO  @ Fri, 28 Aug 2026 14:03:17:  [1. 1.]] 
INFO  @ Fri, 28 Aug 2026 14:03:17: Beta labels:baseline,NKselection 
INFO  @ Fri, 28 Aug 2026 14:03:17: Included samples:Low_Ctrl_1,Low_Surv_1,Low_Ctrl_2,Low_Surv_2 
INFO  @ Fri, 28 Aug 2026 14:03:17: Loaded samples:Low_Ctrl_1;Low_Surv_1;Low_Ctrl_2;Low_Surv_2 
INFO  @ Fri, 28 Aug 2026 14:03:17: Sample index: 0;1;2;3 
INFO  @ Fri, 28 Aug 2026 14:03:17: Loaded 21697 genes. 
DEBUG @ Fri, 28 Aug 2026 14:03:17: Initial (total) size factor: 0.9686432621207274 0.9295875901441767 1.0888645970556383 1.0272271757409424 
DEBUG @ Fri, 28 Aug 2026 14:03:18: Median factor: 0.9584566717900167 0.9187062113512324 1.0777517778559447 1.0274837603305798 
INFO  @ Fri, 28 Aug 2026 14:03:18: Final size factor: 0.9584566717900167 0.9187062113512324 1.0777517778559447 1.0274837603305798 
INFO  @ Fri, 28 Aug 2026 14:03:18: size factor: 1.043343981457604,1.0884872526650284,0.9278574348440211,0.9732513920008456 
INFO  @ Fri, 28 Aug 2026 14:03:18: Thread 0 started. 
INFO  @ Fri, 28 Aug 2026 14:03:18: Thread 0: total 1 instances. 
INFO  @ Fri, 28 Aug 2026 14:03:18: Thread 0 completed. 
INFO  @ Fri, 28 Aug 2026 14:03:18: All threads completed. 
INFO  @ Fri, 28 Aug 2026 14:03:18: Modeling the mean and variance ... 
INFO  @ Fri, 28 Aug 2026 14:03:18: Run the algorithm for the second time ... 
INFO  @ Fri, 28 Aug 2026 14:03:18: Thread 0 started. 
INFO  @ Fri, 28 Aug 2026 14:03:18: Thread 0: total 21697 instances. 
INFO  @ Fri, 28 Aug 2026 14:03:18: Thread 0: Calculating HSDL1 (1) ...  
INFO  @ Fri, 28 Aug 2026 14:03:20: Thread 0: Calculating CARD6 (1001) ...  
INFO  @ Fri, 28 Aug 2026 14:03:22: Thread 0: Calculating SALL3 (2001) ...  
INFO  @ Fri, 28 Aug 2026 14:03:27: Thread 0: Calculating SPRYD3 (3001) ...  
INFO  @ Fri, 28 Aug 2026 14:03:28: Thread 0: Calculating ADPRM (4001) ...  
INFO  @ Fri, 28 Aug 2026 14:03:30: Thread 0: Calculating TARDBP (5001) ...  
INFO  @ Fri, 28 Aug 2026 14:03:32: Thread 0: Calculating MAP1LC3B2 (6001) ...  
INFO  @ Fri, 28 Aug 2026 14:03:34: Thread 0: Calculating TGDS (7001) ...  
INFO  @ Fri, 28 Aug 2026 14:03:36: Thread 0: Calculating hsa-mir-10b (8001) ...  
INFO  @ Fri, 28 Aug 2026 14:03:38: Thread 0: Calculating GBX2 (9001) ...  
INFO  @ Fri, 28 Aug 2026 14:03:40: Thread 0: Calculating FAM13C (10001) ...  
INFO  @ Fri, 28 Aug 2026 14:03:42: Thread 0: Calculating hsa-mir-3943 (11001) ...  
INFO  @ Fri, 28 Aug 2026 14:03:44: Thread 0: Calculating HCAR3 (12001) ...  
INFO  @ Fri, 28 Aug 2026 14:03:46: Thread 0: Calculating IDH3B (13001) ...  
INFO  @ Fri, 28 Aug 2026 14:03:48: Thread 0: Calculating CRYBA4 (14001) ...  
INFO  @ Fri, 28 Aug 2026 14:03:50: Thread 0: Calculating OPN1SW (15001) ...  
INFO  @ Fri, 28 Aug 2026 14:03:52: Thread 0: Calculating RPS4X (16001) ...  
INFO  @ Fri, 28 Aug 2026 14:03:55: Thread 0: Calculating ZNF397 (17001) ...  
INFO  @ Fri, 28 Aug 2026 14:04:00: Thread 0: Calculating ST8SIA1 (18001) ...  
INFO  @ Fri, 28 Aug 2026 14:04:02: Thread 0: Calculating TPSG1 (19001) ...  
INFO  @ Fri, 28 Aug 2026 14:04:05: Thread 0: Calculating GPR75-ASB3 (20001) ...  
INFO  @ Fri, 28 Aug 2026 14:04:07: Thread 0: Calculating SCN11A (21001) ...  
INFO  @ Fri, 28 Aug 2026 14:04:08: Thread 0 completed. 
INFO  @ Fri, 28 Aug 2026 14:04:08: All threads completed. 
INFO  @ Fri, 28 Aug 2026 14:04:13: Permuting groups of gene with 1 sgRNAs per gene. Group progress: 1/6 
INFO  @ Fri, 28 Aug 2026 14:04:13: Start permuting 2 rounds ... 
INFO  @ Fri, 28 Aug 2026 14:04:13: Collecting 119461 sgRNAs from 21697 genes. 
INFO  @ Fri, 28 Aug 2026 14:04:14: Permuting round 0 ... 
INFO  @ Fri, 28 Aug 2026 14:04:15: Thread 0 started. 
INFO  @ Fri, 28 Aug 2026 14:04:15: Thread 0: total 21697 instances. 
INFO  @ Fri, 28 Aug 2026 14:04:15: Thread 0: Calculating HSDL1 (1) ...  
INFO  @ Fri, 28 Aug 2026 14:04:18: Thread 0: Calculating CARD6 (1001) ...  
INFO  @ Fri, 28 Aug 2026 14:04:19: Thread 0: Calculating SALL3 (2001) ...  
INFO  @ Fri, 28 Aug 2026 14:04:21: Thread 0: Calculating SPRYD3 (3001) ...  
INFO  @ Fri, 28 Aug 2026 14:04:22: Thread 0: Calculating ADPRM (4001) ...  
INFO  @ Fri, 28 Aug 2026 14:04:24: Thread 0: Calculating TARDBP (5001) ...  
INFO  @ Fri, 28 Aug 2026 14:04:25: Thread 0: Calculating MAP1LC3B2 (6001) ...  
INFO  @ Fri, 28 Aug 2026 14:04:27: Thread 0: Calculating TGDS (7001) ...  
INFO  @ Fri, 28 Aug 2026 14:04:32: Thread 0: Calculating hsa-mir-10b (8001) ...  
INFO  @ Fri, 28 Aug 2026 14:04:33: Thread 0: Calculating GBX2 (9001) ...  
INFO  @ Fri, 28 Aug 2026 14:04:35: Thread 0: Calculating FAM13C (10001) ...  
INFO  @ Fri, 28 Aug 2026 14:04:37: Thread 0: Calculating hsa-mir-3943 (11001) ...  
INFO  @ Fri, 28 Aug 2026 14:04:38: Thread 0: Calculating HCAR3 (12001) ...  
INFO  @ Fri, 28 Aug 2026 14:04:40: Thread 0: Calculating IDH3B (13001) ...  
INFO  @ Fri, 28 Aug 2026 14:04:42: Thread 0: Calculating CRYBA4 (14001) ...  
INFO  @ Fri, 28 Aug 2026 14:04:43: Thread 0: Calculating OPN1SW (15001) ...  
INFO  @ Fri, 28 Aug 2026 14:04:45: Thread 0: Calculating RPS4X (16001) ...  
INFO  @ Fri, 28 Aug 2026 14:04:46: Thread 0: Calculating ZNF397 (17001) ...  
INFO  @ Fri, 28 Aug 2026 14:04:48: Thread 0: Calculating ST8SIA1 (18001) ...  
INFO  @ Fri, 28 Aug 2026 14:04:50: Thread 0: Calculating TPSG1 (19001) ...  
INFO  @ Fri, 28 Aug 2026 14:04:52: Thread 0: Calculating GPR75-ASB3 (20001) ...  
INFO  @ Fri, 28 Aug 2026 14:04:54: Thread 0: Calculating SCN11A (21001) ...  
INFO  @ Fri, 28 Aug 2026 14:04:56: Thread 0 completed. 
INFO  @ Fri, 28 Aug 2026 14:04:56: All threads completed. 
INFO  @ Fri, 28 Aug 2026 14:05:05: Permuting round 1 ... 
INFO  @ Fri, 28 Aug 2026 14:05:06: Thread 0 started. 
INFO  @ Fri, 28 Aug 2026 14:05:06: Thread 0: total 21697 instances. 
INFO  @ Fri, 28 Aug 2026 14:05:06: Thread 0: Calculating HSDL1 (1) ...  
INFO  @ Fri, 28 Aug 2026 14:05:08: Thread 0: Calculating CARD6 (1001) ...  
INFO  @ Fri, 28 Aug 2026 14:05:09: Thread 0: Calculating SALL3 (2001) ...  
INFO  @ Fri, 28 Aug 2026 14:05:11: Thread 0: Calculating SPRYD3 (3001) ...  
INFO  @ Fri, 28 Aug 2026 14:05:13: Thread 0: Calculating ADPRM (4001) ...  
INFO  @ Fri, 28 Aug 2026 14:05:16: Thread 0: Calculating TARDBP (5001) ...  
INFO  @ Fri, 28 Aug 2026 14:05:18: Thread 0: Calculating MAP1LC3B2 (6001) ...  
INFO  @ Fri, 28 Aug 2026 14:05:21: Thread 0: Calculating TGDS (7001) ...  
INFO  @ Fri, 28 Aug 2026 14:05:23: Thread 0: Calculating hsa-mir-10b (8001) ...  
INFO  @ Fri, 28 Aug 2026 14:05:25: Thread 0: Calculating GBX2 (9001) ...  
INFO  @ Fri, 28 Aug 2026 14:05:27: Thread 0: Calculating FAM13C (10001) ...  
INFO  @ Fri, 28 Aug 2026 14:05:28: Thread 0: Calculating hsa-mir-3943 (11001) ...  
INFO  @ Fri, 28 Aug 2026 14:05:30: Thread 0: Calculating HCAR3 (12001) ...  
INFO  @ Fri, 28 Aug 2026 14:05:31: Thread 0: Calculating IDH3B (13001) ...  
INFO  @ Fri, 28 Aug 2026 14:05:33: Thread 0: Calculating CRYBA4 (14001) ...  
INFO  @ Fri, 28 Aug 2026 14:05:35: Thread 0: Calculating OPN1SW (15001) ...  
INFO  @ Fri, 28 Aug 2026 14:05:40: Thread 0: Calculating RPS4X (16001) ...  
INFO  @ Fri, 28 Aug 2026 14:05:43: Thread 0: Calculating ZNF397 (17001) ...  
INFO  @ Fri, 28 Aug 2026 14:05:45: Thread 0: Calculating ST8SIA1 (18001) ...  
INFO  @ Fri, 28 Aug 2026 14:05:47: Thread 0: Calculating TPSG1 (19001) ...  
INFO  @ Fri, 28 Aug 2026 14:05:48: Thread 0: Calculating GPR75-ASB3 (20001) ...  
INFO  @ Fri, 28 Aug 2026 14:05:51: Thread 0: Calculating SCN11A (21001) ...  
INFO  @ Fri, 28 Aug 2026 14:05:53: Thread 0 completed. 
INFO  @ Fri, 28 Aug 2026 14:05:53: All threads completed. 
INFO  @ Fri, 28 Aug 2026 14:06:01: Assigning p values... 
INFO  @ Fri, 28 Aug 2026 14:06:01: Permuting groups of gene with 2 sgRNAs per gene. Group progress: 2/6 
INFO  @ Fri, 28 Aug 2026 14:06:01: Start permuting 2 rounds ... 
INFO  @ Fri, 28 Aug 2026 14:06:03: Collecting 119461 sgRNAs from 21697 genes. 
INFO  @ Fri, 28 Aug 2026 14:06:05: Permuting round 0 ... 
INFO  @ Fri, 28 Aug 2026 14:06:06: Thread 0 started. 
INFO  @ Fri, 28 Aug 2026 14:06:06: Thread 0: total 21697 instances. 
INFO  @ Fri, 28 Aug 2026 14:06:06: Thread 0: Calculating HSDL1 (1) ...  
INFO  @ Fri, 28 Aug 2026 14:06:13: Thread 0: Calculating CARD6 (1001) ...  
INFO  @ Fri, 28 Aug 2026 14:06:15: Thread 0: Calculating SALL3 (2001) ...  
INFO  @ Fri, 28 Aug 2026 14:06:20: Thread 0: Calculating SPRYD3 (3001) ...  
INFO  @ Fri, 28 Aug 2026 14:06:23: Thread 0: Calculating ADPRM (4001) ...  
INFO  @ Fri, 28 Aug 2026 14:06:25: Thread 0: Calculating TARDBP (5001) ...  
INFO  @ Fri, 28 Aug 2026 14:06:28: Thread 0: Calculating MAP1LC3B2 (6001) ...  
INFO  @ Fri, 28 Aug 2026 14:06:30: Thread 0: Calculating TGDS (7001) ...  
INFO  @ Fri, 28 Aug 2026 14:06:33: Thread 0: Calculating hsa-mir-10b (8001) ...  
INFO  @ Fri, 28 Aug 2026 14:06:36: Thread 0: Calculating GBX2 (9001) ...  
INFO  @ Fri, 28 Aug 2026 14:06:38: Thread 0: Calculating FAM13C (10001) ...  
INFO  @ Fri, 28 Aug 2026 14:06:40: Thread 0: Calculating hsa-mir-3943 (11001) ...  
INFO  @ Fri, 28 Aug 2026 14:06:46: Thread 0: Calculating HCAR3 (12001) ...  
INFO  @ Fri, 28 Aug 2026 14:06:48: Thread 0: Calculating IDH3B (13001) ...  
INFO  @ Fri, 28 Aug 2026 14:06:50: Thread 0: Calculating CRYBA4 (14001) ...  
INFO  @ Fri, 28 Aug 2026 14:06:54: Thread 0: Calculating OPN1SW (15001) ...  
INFO  @ Fri, 28 Aug 2026 14:06:56: Thread 0: Calculating RPS4X (16001) ...  
INFO  @ Fri, 28 Aug 2026 14:06:58: Thread 0: Calculating ZNF397 (17001) ...  
INFO  @ Fri, 28 Aug 2026 14:07:01: Thread 0: Calculating ST8SIA1 (18001) ...  
INFO  @ Fri, 28 Aug 2026 14:07:03: Thread 0: Calculating TPSG1 (19001) ...  
INFO  @ Fri, 28 Aug 2026 14:07:05: Thread 0: Calculating GPR75-ASB3 (20001) ...  
INFO  @ Fri, 28 Aug 2026 14:07:07: Thread 0: Calculating SCN11A (21001) ...  
INFO  @ Fri, 28 Aug 2026 14:07:09: Thread 0 completed. 
INFO  @ Fri, 28 Aug 2026 14:07:09: All threads completed. 
INFO  @ Fri, 28 Aug 2026 14:07:15: Permuting round 1 ... 
INFO  @ Fri, 28 Aug 2026 14:07:19: Thread 0 started. 
INFO  @ Fri, 28 Aug 2026 14:07:19: Thread 0: total 21697 instances. 
INFO  @ Fri, 28 Aug 2026 14:07:19: Thread 0: Calculating HSDL1 (1) ...  
INFO  @ Fri, 28 Aug 2026 14:07:24: Thread 0: Calculating CARD6 (1001) ...  
INFO  @ Fri, 28 Aug 2026 14:07:29: Thread 0: Calculating SALL3 (2001) ...  
INFO  @ Fri, 28 Aug 2026 14:07:32: Thread 0: Calculating SPRYD3 (3001) ...  
INFO  @ Fri, 28 Aug 2026 14:07:34: Thread 0: Calculating ADPRM (4001) ...  
INFO  @ Fri, 28 Aug 2026 14:07:36: Thread 0: Calculating TARDBP (5001) ...  
INFO  @ Fri, 28 Aug 2026 14:07:39: Thread 0: Calculating MAP1LC3B2 (6001) ...  
INFO  @ Fri, 28 Aug 2026 14:07:42: Thread 0: Calculating TGDS (7001) ...  
INFO  @ Fri, 28 Aug 2026 14:07:44: Thread 0: Calculating hsa-mir-10b (8001) ...  
INFO  @ Fri, 28 Aug 2026 14:07:46: Thread 0: Calculating GBX2 (9001) ...  
INFO  @ Fri, 28 Aug 2026 14:07:52: Thread 0: Calculating FAM13C (10001) ...  
INFO  @ Fri, 28 Aug 2026 14:07:54: Thread 0: Calculating hsa-mir-3943 (11001) ...  
INFO  @ Fri, 28 Aug 2026 14:07:56: Thread 0: Calculating HCAR3 (12001) ...  
INFO  @ Fri, 28 Aug 2026 14:07:58: Thread 0: Calculating IDH3B (13001) ...  
INFO  @ Fri, 28 Aug 2026 14:08:01: Thread 0: Calculating CRYBA4 (14001) ...  
INFO  @ Fri, 28 Aug 2026 14:08:03: Thread 0: Calculating OPN1SW (15001) ...  
INFO  @ Fri, 28 Aug 2026 14:08:05: Thread 0: Calculating RPS4X (16001) ...  
INFO  @ Fri, 28 Aug 2026 14:08:07: Thread 0: Calculating ZNF397 (17001) ...  
INFO  @ Fri, 28 Aug 2026 14:08:09: Thread 0: Calculating ST8SIA1 (18001) ...  
INFO  @ Fri, 28 Aug 2026 14:08:11: Thread 0: Calculating TPSG1 (19001) ...  
INFO  @ Fri, 28 Aug 2026 14:08:14: Thread 0: Calculating GPR75-ASB3 (20001) ...  
INFO  @ Fri, 28 Aug 2026 14:08:16: Thread 0: Calculating SCN11A (21001) ...  
INFO  @ Fri, 28 Aug 2026 14:08:17: Thread 0 completed. 
INFO  @ Fri, 28 Aug 2026 14:08:17: All threads completed. 
INFO  @ Fri, 28 Aug 2026 14:08:26: Assigning p values... 
INFO  @ Fri, 28 Aug 2026 14:08:27: Permuting groups of gene with 3 sgRNAs per gene. Group progress: 3/6 
INFO  @ Fri, 28 Aug 2026 14:08:27: Start permuting 2 rounds ... 
INFO  @ Fri, 28 Aug 2026 14:08:27: Collecting 119461 sgRNAs from 21697 genes. 
INFO  @ Fri, 28 Aug 2026 14:08:29: Permuting round 0 ... 
INFO  @ Fri, 28 Aug 2026 14:08:29: Thread 0 started. 
INFO  @ Fri, 28 Aug 2026 14:08:29: Thread 0: total 21697 instances. 
INFO  @ Fri, 28 Aug 2026 14:08:29: Thread 0: Calculating HSDL1 (1) ...  
INFO  @ Fri, 28 Aug 2026 14:08:32: Thread 0: Calculating CARD6 (1001) ...  
INFO  @ Fri, 28 Aug 2026 14:08:34: Thread 0: Calculating SALL3 (2001) ...  
INFO  @ Fri, 28 Aug 2026 14:08:36: Thread 0: Calculating SPRYD3 (3001) ...  
INFO  @ Fri, 28 Aug 2026 14:08:39: Thread 0: Calculating ADPRM (4001) ...  
INFO  @ Fri, 28 Aug 2026 14:08:41: Thread 0: Calculating TARDBP (5001) ...  
INFO  @ Fri, 28 Aug 2026 14:08:44: Thread 0: Calculating MAP1LC3B2 (6001) ...  
INFO  @ Fri, 28 Aug 2026 14:08:46: Thread 0: Calculating TGDS (7001) ...  
INFO  @ Fri, 28 Aug 2026 14:08:48: Thread 0: Calculating hsa-mir-10b (8001) ...  
INFO  @ Fri, 28 Aug 2026 14:08:51: Thread 0: Calculating GBX2 (9001) ...  
INFO  @ Fri, 28 Aug 2026 14:08:53: Thread 0: Calculating FAM13C (10001) ...  
INFO  @ Fri, 28 Aug 2026 14:08:59: Thread 0: Calculating hsa-mir-3943 (11001) ...  
INFO  @ Fri, 28 Aug 2026 14:09:01: Thread 0: Calculating HCAR3 (12001) ...  
INFO  @ Fri, 28 Aug 2026 14:09:04: Thread 0: Calculating IDH3B (13001) ...  
INFO  @ Fri, 28 Aug 2026 14:09:07: Thread 0: Calculating CRYBA4 (14001) ...  
INFO  @ Fri, 28 Aug 2026 14:09:10: Thread 0: Calculating OPN1SW (15001) ...  
INFO  @ Fri, 28 Aug 2026 14:09:12: Thread 0: Calculating RPS4X (16001) ...  
INFO  @ Fri, 28 Aug 2026 14:09:14: Thread 0: Calculating ZNF397 (17001) ...  
INFO  @ Fri, 28 Aug 2026 14:09:16: Thread 0: Calculating ST8SIA1 (18001) ...  
INFO  @ Fri, 28 Aug 2026 14:09:19: Thread 0: Calculating TPSG1 (19001) ...  
INFO  @ Fri, 28 Aug 2026 14:09:21: Thread 0: Calculating GPR75-ASB3 (20001) ...  
INFO  @ Fri, 28 Aug 2026 14:09:23: Thread 0: Calculating SCN11A (21001) ...  
INFO  @ Fri, 28 Aug 2026 14:09:25: Thread 0 completed. 
INFO  @ Fri, 28 Aug 2026 14:09:25: All threads completed. 
INFO  @ Fri, 28 Aug 2026 14:09:31: Permuting round 1 ... 
INFO  @ Fri, 28 Aug 2026 14:09:31: Thread 0 started. 
INFO  @ Fri, 28 Aug 2026 14:09:31: Thread 0: total 21697 instances. 
INFO  @ Fri, 28 Aug 2026 14:09:31: Thread 0: Calculating HSDL1 (1) ...  
INFO  @ Fri, 28 Aug 2026 14:09:34: Thread 0: Calculating CARD6 (1001) ...  
INFO  @ Fri, 28 Aug 2026 14:09:36: Thread 0: Calculating SALL3 (2001) ...  
INFO  @ Fri, 28 Aug 2026 14:09:38: Thread 0: Calculating SPRYD3 (3001) ...  
INFO  @ Fri, 28 Aug 2026 14:09:40: Thread 0: Calculating ADPRM (4001) ...  
INFO  @ Fri, 28 Aug 2026 14:09:42: Thread 0: Calculating TARDBP (5001) ...  
INFO  @ Fri, 28 Aug 2026 14:09:44: Thread 0: Calculating MAP1LC3B2 (6001) ...  
INFO  @ Fri, 28 Aug 2026 14:09:50: Thread 0: Calculating TGDS (7001) ...  
INFO  @ Fri, 28 Aug 2026 14:09:53: Thread 0: Calculating hsa-mir-10b (8001) ...  
INFO  @ Fri, 28 Aug 2026 14:09:55: Thread 0: Calculating GBX2 (9001) ...  
INFO  @ Fri, 28 Aug 2026 14:09:57: Thread 0: Calculating FAM13C (10001) ...  
INFO  @ Fri, 28 Aug 2026 14:09:59: Thread 0: Calculating hsa-mir-3943 (11001) ...  
INFO  @ Fri, 28 Aug 2026 14:10:01: Thread 0: Calculating HCAR3 (12001) ...  
INFO  @ Fri, 28 Aug 2026 14:10:03: Thread 0: Calculating IDH3B (13001) ...  
INFO  @ Fri, 28 Aug 2026 14:10:07: Thread 0: Calculating CRYBA4 (14001) ...  
INFO  @ Fri, 28 Aug 2026 14:10:09: Thread 0: Calculating OPN1SW (15001) ...  
INFO  @ Fri, 28 Aug 2026 14:10:11: Thread 0: Calculating RPS4X (16001) ...  
INFO  @ Fri, 28 Aug 2026 14:10:13: Thread 0: Calculating ZNF397 (17001) ...  
INFO  @ Fri, 28 Aug 2026 14:10:15: Thread 0: Calculating ST8SIA1 (18001) ...  
INFO  @ Fri, 28 Aug 2026 14:10:17: Thread 0: Calculating TPSG1 (19001) ...  
INFO  @ Fri, 28 Aug 2026 14:10:19: Thread 0: Calculating GPR75-ASB3 (20001) ...  
INFO  @ Fri, 28 Aug 2026 14:10:21: Thread 0: Calculating SCN11A (21001) ...  
INFO  @ Fri, 28 Aug 2026 14:10:23: Thread 0 completed. 
INFO  @ Fri, 28 Aug 2026 14:10:23: All threads completed. 
INFO  @ Fri, 28 Aug 2026 14:10:28: Assigning p values... 
INFO  @ Fri, 28 Aug 2026 14:10:28: Permuting groups of gene with 4 sgRNAs per gene. Group progress: 4/6 
INFO  @ Fri, 28 Aug 2026 14:10:28: Start permuting 2 rounds ... 
INFO  @ Fri, 28 Aug 2026 14:10:28: Collecting 119461 sgRNAs from 21697 genes. 
INFO  @ Fri, 28 Aug 2026 14:10:29: Permuting round 0 ... 
INFO  @ Fri, 28 Aug 2026 14:10:30: Thread 0 started. 
INFO  @ Fri, 28 Aug 2026 14:10:30: Thread 0: total 21697 instances. 
INFO  @ Fri, 28 Aug 2026 14:10:30: Thread 0: Calculating HSDL1 (1) ...  
INFO  @ Fri, 28 Aug 2026 14:10:32: Thread 0: Calculating CARD6 (1001) ...  
INFO  @ Fri, 28 Aug 2026 14:10:34: Thread 0: Calculating SALL3 (2001) ...  
INFO  @ Fri, 28 Aug 2026 14:10:40: Thread 0: Calculating SPRYD3 (3001) ...  
INFO  @ Fri, 28 Aug 2026 14:10:42: Thread 0: Calculating ADPRM (4001) ...  
INFO  @ Fri, 28 Aug 2026 14:10:44: Thread 0: Calculating TARDBP (5001) ...  
INFO  @ Fri, 28 Aug 2026 14:10:46: Thread 0: Calculating MAP1LC3B2 (6001) ...  
INFO  @ Fri, 28 Aug 2026 14:10:48: Thread 0: Calculating TGDS (7001) ...  
INFO  @ Fri, 28 Aug 2026 14:10:50: Thread 0: Calculating hsa-mir-10b (8001) ...  
INFO  @ Fri, 28 Aug 2026 14:10:52: Thread 0: Calculating GBX2 (9001) ...  
INFO  @ Fri, 28 Aug 2026 14:10:55: Thread 0: Calculating FAM13C (10001) ...  
INFO  @ Fri, 28 Aug 2026 14:10:57: Thread 0: Calculating hsa-mir-3943 (11001) ...  
INFO  @ Fri, 28 Aug 2026 14:10:59: Thread 0: Calculating HCAR3 (12001) ...  
INFO  @ Fri, 28 Aug 2026 14:11:02: Thread 0: Calculating IDH3B (13001) ...  
INFO  @ Fri, 28 Aug 2026 14:11:04: Thread 0: Calculating CRYBA4 (14001) ...  
INFO  @ Fri, 28 Aug 2026 14:11:06: Thread 0: Calculating OPN1SW (15001) ...  
INFO  @ Fri, 28 Aug 2026 14:11:08: Thread 0: Calculating RPS4X (16001) ...  
INFO  @ Fri, 28 Aug 2026 14:11:14: Thread 0: Calculating ZNF397 (17001) ...  
INFO  @ Fri, 28 Aug 2026 14:11:16: Thread 0: Calculating ST8SIA1 (18001) ...  
INFO  @ Fri, 28 Aug 2026 14:11:19: Thread 0: Calculating TPSG1 (19001) ...  
INFO  @ Fri, 28 Aug 2026 14:11:21: Thread 0: Calculating GPR75-ASB3 (20001) ...  
INFO  @ Fri, 28 Aug 2026 14:11:24: Thread 0: Calculating SCN11A (21001) ...  
INFO  @ Fri, 28 Aug 2026 14:11:25: Thread 0 completed. 
INFO  @ Fri, 28 Aug 2026 14:11:25: All threads completed. 
INFO  @ Fri, 28 Aug 2026 14:11:31: Permuting round 1 ... 
INFO  @ Fri, 28 Aug 2026 14:11:31: Thread 0 started. 
INFO  @ Fri, 28 Aug 2026 14:11:31: Thread 0: total 21697 instances. 
INFO  @ Fri, 28 Aug 2026 14:11:31: Thread 0: Calculating HSDL1 (1) ...  
INFO  @ Fri, 28 Aug 2026 14:11:33: Thread 0: Calculating CARD6 (1001) ...  
INFO  @ Fri, 28 Aug 2026 14:11:36: Thread 0: Calculating SALL3 (2001) ...  
INFO  @ Fri, 28 Aug 2026 14:11:38: Thread 0: Calculating SPRYD3 (3001) ...  
INFO  @ Fri, 28 Aug 2026 14:11:41: Thread 0: Calculating ADPRM (4001) ...  
INFO  @ Fri, 28 Aug 2026 14:11:46: Thread 0: Calculating TARDBP (5001) ...  
INFO  @ Fri, 28 Aug 2026 14:11:49: Thread 0: Calculating MAP1LC3B2 (6001) ...  
INFO  @ Fri, 28 Aug 2026 14:11:51: Thread 0: Calculating TGDS (7001) ...  
INFO  @ Fri, 28 Aug 2026 14:11:54: Thread 0: Calculating hsa-mir-10b (8001) ...  
INFO  @ Fri, 28 Aug 2026 14:11:56: Thread 0: Calculating GBX2 (9001) ...  
INFO  @ Fri, 28 Aug 2026 14:11:59: Thread 0: Calculating FAM13C (10001) ...  
INFO  @ Fri, 28 Aug 2026 14:12:01: Thread 0: Calculating hsa-mir-3943 (11001) ...  
INFO  @ Fri, 28 Aug 2026 14:12:04: Thread 0: Calculating HCAR3 (12001) ...  
INFO  @ Fri, 28 Aug 2026 14:12:06: Thread 0: Calculating IDH3B (13001) ...  
INFO  @ Fri, 28 Aug 2026 14:12:10: Thread 0: Calculating CRYBA4 (14001) ...  
INFO  @ Fri, 28 Aug 2026 14:12:12: Thread 0: Calculating OPN1SW (15001) ...  
INFO  @ Fri, 28 Aug 2026 14:12:15: Thread 0: Calculating RPS4X (16001) ...  
INFO  @ Fri, 28 Aug 2026 14:12:21: Thread 0: Calculating ZNF397 (17001) ...  
INFO  @ Fri, 28 Aug 2026 14:12:23: Thread 0: Calculating ST8SIA1 (18001) ...  
INFO  @ Fri, 28 Aug 2026 14:12:25: Thread 0: Calculating TPSG1 (19001) ...  
INFO  @ Fri, 28 Aug 2026 14:12:28: Thread 0: Calculating GPR75-ASB3 (20001) ...  
INFO  @ Fri, 28 Aug 2026 14:12:31: Thread 0: Calculating SCN11A (21001) ...  
INFO  @ Fri, 28 Aug 2026 14:12:33: Thread 0 completed. 
INFO  @ Fri, 28 Aug 2026 14:12:33: All threads completed. 
INFO  @ Fri, 28 Aug 2026 14:12:39: Assigning p values... 
INFO  @ Fri, 28 Aug 2026 14:12:39: Permuting groups of gene with 5 sgRNAs per gene. Group progress: 5/6 
INFO  @ Fri, 28 Aug 2026 14:12:39: Start permuting 2 rounds ... 
INFO  @ Fri, 28 Aug 2026 14:12:39: Collecting 119461 sgRNAs from 21697 genes. 
INFO  @ Fri, 28 Aug 2026 14:12:40: Permuting round 0 ... 
INFO  @ Fri, 28 Aug 2026 14:12:41: Thread 0 started. 
INFO  @ Fri, 28 Aug 2026 14:12:41: Thread 0: total 21697 instances. 
INFO  @ Fri, 28 Aug 2026 14:12:41: Thread 0: Calculating HSDL1 (1) ...  
INFO  @ Fri, 28 Aug 2026 14:12:44: Thread 0: Calculating CARD6 (1001) ...  
INFO  @ Fri, 28 Aug 2026 14:12:46: Thread 0: Calculating SALL3 (2001) ...  
INFO  @ Fri, 28 Aug 2026 14:12:52: Thread 0: Calculating SPRYD3 (3001) ...  
INFO  @ Fri, 28 Aug 2026 14:12:55: Thread 0: Calculating ADPRM (4001) ...  
INFO  @ Fri, 28 Aug 2026 14:12:57: Thread 0: Calculating TARDBP (5001) ...  
INFO  @ Fri, 28 Aug 2026 14:13:00: Thread 0: Calculating MAP1LC3B2 (6001) ...  
INFO  @ Fri, 28 Aug 2026 14:13:02: Thread 0: Calculating TGDS (7001) ...  
INFO  @ Fri, 28 Aug 2026 14:13:05: Thread 0: Calculating hsa-mir-10b (8001) ...  
INFO  @ Fri, 28 Aug 2026 14:13:07: Thread 0: Calculating GBX2 (9001) ...  
INFO  @ Fri, 28 Aug 2026 14:13:10: Thread 0: Calculating FAM13C (10001) ...  
INFO  @ Fri, 28 Aug 2026 14:13:13: Thread 0: Calculating hsa-mir-3943 (11001) ...  
INFO  @ Fri, 28 Aug 2026 14:13:15: Thread 0: Calculating HCAR3 (12001) ...  
INFO  @ Fri, 28 Aug 2026 14:13:18: Thread 0: Calculating IDH3B (13001) ...  
INFO  @ Fri, 28 Aug 2026 14:13:21: Thread 0: Calculating CRYBA4 (14001) ...  
INFO  @ Fri, 28 Aug 2026 14:13:27: Thread 0: Calculating OPN1SW (15001) ...  
INFO  @ Fri, 28 Aug 2026 14:13:29: Thread 0: Calculating RPS4X (16001) ...  
INFO  @ Fri, 28 Aug 2026 14:13:32: Thread 0: Calculating ZNF397 (17001) ...  
INFO  @ Fri, 28 Aug 2026 14:13:34: Thread 0: Calculating ST8SIA1 (18001) ...  
INFO  @ Fri, 28 Aug 2026 14:13:37: Thread 0: Calculating TPSG1 (19001) ...  
INFO  @ Fri, 28 Aug 2026 14:13:40: Thread 0: Calculating GPR75-ASB3 (20001) ...  
INFO  @ Fri, 28 Aug 2026 14:13:42: Thread 0: Calculating SCN11A (21001) ...  
INFO  @ Fri, 28 Aug 2026 14:13:44: Thread 0 completed. 
INFO  @ Fri, 28 Aug 2026 14:13:44: All threads completed. 
INFO  @ Fri, 28 Aug 2026 14:13:50: Permuting round 1 ... 
INFO  @ Fri, 28 Aug 2026 14:13:50: Thread 0 started. 
INFO  @ Fri, 28 Aug 2026 14:13:50: Thread 0: total 21697 instances. 
INFO  @ Fri, 28 Aug 2026 14:13:50: Thread 0: Calculating HSDL1 (1) ...  
INFO  @ Fri, 28 Aug 2026 14:13:53: Thread 0: Calculating CARD6 (1001) ...  
INFO  @ Fri, 28 Aug 2026 14:13:59: Thread 0: Calculating SALL3 (2001) ...  
INFO  @ Fri, 28 Aug 2026 14:14:02: Thread 0: Calculating SPRYD3 (3001) ...  
INFO  @ Fri, 28 Aug 2026 14:14:04: Thread 0: Calculating ADPRM (4001) ...  
INFO  @ Fri, 28 Aug 2026 14:14:06: Thread 0: Calculating TARDBP (5001) ...  
INFO  @ Fri, 28 Aug 2026 14:14:09: Thread 0: Calculating MAP1LC3B2 (6001) ...  
INFO  @ Fri, 28 Aug 2026 14:14:11: Thread 0: Calculating TGDS (7001) ...  
INFO  @ Fri, 28 Aug 2026 14:14:13: Thread 0: Calculating hsa-mir-10b (8001) ...  
INFO  @ Fri, 28 Aug 2026 14:14:15: Thread 0: Calculating GBX2 (9001) ...  
INFO  @ Fri, 28 Aug 2026 14:14:17: Thread 0: Calculating FAM13C (10001) ...  
INFO  @ Fri, 28 Aug 2026 14:14:20: Thread 0: Calculating hsa-mir-3943 (11001) ...  
INFO  @ Fri, 28 Aug 2026 14:14:22: Thread 0: Calculating HCAR3 (12001) ...  
INFO  @ Fri, 28 Aug 2026 14:14:24: Thread 0: Calculating IDH3B (13001) ...  
INFO  @ Fri, 28 Aug 2026 14:14:27: Thread 0: Calculating CRYBA4 (14001) ...  
INFO  @ Fri, 28 Aug 2026 14:14:32: Thread 0: Calculating OPN1SW (15001) ...  
INFO  @ Fri, 28 Aug 2026 14:14:35: Thread 0: Calculating RPS4X (16001) ...  
INFO  @ Fri, 28 Aug 2026 14:14:37: Thread 0: Calculating ZNF397 (17001) ...  
INFO  @ Fri, 28 Aug 2026 14:14:39: Thread 0: Calculating ST8SIA1 (18001) ...  
INFO  @ Fri, 28 Aug 2026 14:14:42: Thread 0: Calculating TPSG1 (19001) ...  
INFO  @ Fri, 28 Aug 2026 14:14:44: Thread 0: Calculating GPR75-ASB3 (20001) ...  
INFO  @ Fri, 28 Aug 2026 14:14:47: Thread 0: Calculating SCN11A (21001) ...  
INFO  @ Fri, 28 Aug 2026 14:14:48: Thread 0 completed. 
INFO  @ Fri, 28 Aug 2026 14:14:48: All threads completed. 
INFO  @ Fri, 28 Aug 2026 14:14:54: Assigning p values... 
INFO  @ Fri, 28 Aug 2026 14:14:54: Permuting groups of gene with 6 sgRNAs per gene. Group progress: 6/6 
INFO  @ Fri, 28 Aug 2026 14:14:54: Start permuting 2 rounds ... 
INFO  @ Fri, 28 Aug 2026 14:14:54: Collecting 119461 sgRNAs from 21697 genes. 
INFO  @ Fri, 28 Aug 2026 14:14:55: Permuting round 0 ... 
INFO  @ Fri, 28 Aug 2026 14:14:55: Thread 0 started. 
INFO  @ Fri, 28 Aug 2026 14:14:55: Thread 0: total 21697 instances. 
INFO  @ Fri, 28 Aug 2026 14:14:55: Thread 0: Calculating HSDL1 (1) ...  
INFO  @ Fri, 28 Aug 2026 14:14:58: Thread 0: Calculating CARD6 (1001) ...  
INFO  @ Fri, 28 Aug 2026 14:15:00: Thread 0: Calculating SALL3 (2001) ...  
INFO  @ Fri, 28 Aug 2026 14:15:06: Thread 0: Calculating SPRYD3 (3001) ...  
INFO  @ Fri, 28 Aug 2026 14:15:08: Thread 0: Calculating ADPRM (4001) ...  
INFO  @ Fri, 28 Aug 2026 14:15:11: Thread 0: Calculating TARDBP (5001) ...  
INFO  @ Fri, 28 Aug 2026 14:15:13: Thread 0: Calculating MAP1LC3B2 (6001) ...  
INFO  @ Fri, 28 Aug 2026 14:15:16: Thread 0: Calculating TGDS (7001) ...  
INFO  @ Fri, 28 Aug 2026 14:15:18: Thread 0: Calculating hsa-mir-10b (8001) ...  
INFO  @ Fri, 28 Aug 2026 14:15:21: Thread 0: Calculating GBX2 (9001) ...  
INFO  @ Fri, 28 Aug 2026 14:15:23: Thread 0: Calculating FAM13C (10001) ...  
INFO  @ Fri, 28 Aug 2026 14:15:25: Thread 0: Calculating hsa-mir-3943 (11001) ...  
INFO  @ Fri, 28 Aug 2026 14:15:27: Thread 0: Calculating HCAR3 (12001) ...  
INFO  @ Fri, 28 Aug 2026 14:15:30: Thread 0: Calculating IDH3B (13001) ...  
INFO  @ Fri, 28 Aug 2026 14:15:32: Thread 0: Calculating CRYBA4 (14001) ...  
INFO  @ Fri, 28 Aug 2026 14:15:34: Thread 0: Calculating OPN1SW (15001) ...  
INFO  @ Fri, 28 Aug 2026 14:15:40: Thread 0: Calculating RPS4X (16001) ...  
INFO  @ Fri, 28 Aug 2026 14:15:43: Thread 0: Calculating ZNF397 (17001) ...  
INFO  @ Fri, 28 Aug 2026 14:15:45: Thread 0: Calculating ST8SIA1 (18001) ...  
INFO  @ Fri, 28 Aug 2026 14:15:47: Thread 0: Calculating TPSG1 (19001) ...  
INFO  @ Fri, 28 Aug 2026 14:15:50: Thread 0: Calculating GPR75-ASB3 (20001) ...  
INFO  @ Fri, 28 Aug 2026 14:15:52: Thread 0: Calculating SCN11A (21001) ...  
INFO  @ Fri, 28 Aug 2026 14:15:54: Thread 0 completed. 
INFO  @ Fri, 28 Aug 2026 14:15:54: All threads completed. 
INFO  @ Fri, 28 Aug 2026 14:16:00: Permuting round 1 ... 
INFO  @ Fri, 28 Aug 2026 14:16:00: Thread 0 started. 
INFO  @ Fri, 28 Aug 2026 14:16:00: Thread 0: total 21697 instances. 
INFO  @ Fri, 28 Aug 2026 14:16:00: Thread 0: Calculating HSDL1 (1) ...  
INFO  @ Fri, 28 Aug 2026 14:16:03: Thread 0: Calculating CARD6 (1001) ...  
INFO  @ Fri, 28 Aug 2026 14:16:05: Thread 0: Calculating SALL3 (2001) ...  
INFO  @ Fri, 28 Aug 2026 14:16:07: Thread 0: Calculating SPRYD3 (3001) ...  
INFO  @ Fri, 28 Aug 2026 14:16:13: Thread 0: Calculating ADPRM (4001) ...  
INFO  @ Fri, 28 Aug 2026 14:16:15: Thread 0: Calculating TARDBP (5001) ...  
INFO  @ Fri, 28 Aug 2026 14:16:18: Thread 0: Calculating MAP1LC3B2 (6001) ...  
INFO  @ Fri, 28 Aug 2026 14:16:20: Thread 0: Calculating TGDS (7001) ...  
INFO  @ Fri, 28 Aug 2026 14:16:22: Thread 0: Calculating hsa-mir-10b (8001) ...  
INFO  @ Fri, 28 Aug 2026 14:16:25: Thread 0: Calculating GBX2 (9001) ...  
INFO  @ Fri, 28 Aug 2026 14:16:27: Thread 0: Calculating FAM13C (10001) ...  
INFO  @ Fri, 28 Aug 2026 14:16:29: Thread 0: Calculating hsa-mir-3943 (11001) ...  
INFO  @ Fri, 28 Aug 2026 14:16:32: Thread 0: Calculating HCAR3 (12001) ...  
INFO  @ Fri, 28 Aug 2026 14:16:34: Thread 0: Calculating IDH3B (13001) ...  
INFO  @ Fri, 28 Aug 2026 14:16:36: Thread 0: Calculating CRYBA4 (14001) ...  
INFO  @ Fri, 28 Aug 2026 14:16:39: Thread 0: Calculating OPN1SW (15001) ...  
INFO  @ Fri, 28 Aug 2026 14:16:41: Thread 0: Calculating RPS4X (16001) ...  
INFO  @ Fri, 28 Aug 2026 14:16:47: Thread 0: Calculating ZNF397 (17001) ...  
INFO  @ Fri, 28 Aug 2026 14:16:49: Thread 0: Calculating ST8SIA1 (18001) ...  
INFO  @ Fri, 28 Aug 2026 14:16:52: Thread 0: Calculating TPSG1 (19001) ...  
INFO  @ Fri, 28 Aug 2026 14:16:54: Thread 0: Calculating GPR75-ASB3 (20001) ...  
INFO  @ Fri, 28 Aug 2026 14:16:57: Thread 0: Calculating SCN11A (21001) ...  
INFO  @ Fri, 28 Aug 2026 14:16:59: Thread 0 completed. 
INFO  @ Fri, 28 Aug 2026 14:16:59: All threads completed. 
INFO  @ Fri, 28 Aug 2026 14:17:04: Assigning p values... 
INFO  @ Fri, 28 Aug 2026 14:17:06: Writing gene results to low_mle.gene_summary.txt 
INFO  @ Fri, 28 Aug 2026 14:17:06: Writing sgRNA results to low_mle.sgrna_summary.txt 
