INFO  @ Fri, 28 Aug 2026 13:18:16: Parameters: /home/waqas/miniconda3/envs/crispr/bin/mageck test -k zhuang.count.txt -t Low_Surv_1,Low_Surv_2 -c Low_Ctrl_1,Low_Ctrl_2 -n low_rra --paired 
INFO  @ Fri, 28 Aug 2026 13:18:16: Welcome to MAGeCK v0.5.9.5. Command: test 
INFO  @ Fri, 28 Aug 2026 13:18:16: Loading count table from zhuang.count.txt  
INFO  @ Fri, 28 Aug 2026 13:18:16: Processing 1 lines.. 
DEBUG @ Fri, 28 Aug 2026 13:18:16: Parsing error in line 1 (usually the header line). Skip this line. 
INFO  @ Fri, 28 Aug 2026 13:18:16: Processing 100001 lines.. 
INFO  @ Fri, 28 Aug 2026 13:18:16: Loaded 119461 records. 
INFO  @ Fri, 28 Aug 2026 13:18:16: Loading Rnw template file: /home/waqas/miniconda3/envs/crispr/lib/python3.11/site-packages/mageck/test_report.Rmd. 
DEBUG @ Fri, 28 Aug 2026 13:18:16: Setting up the visualization module... 
INFO  @ Fri, 28 Aug 2026 13:18:16: Loading R template file: /home/waqas/miniconda3/envs/crispr/lib/python3.11/site-packages/mageck/plot_template.RTemplate. 
INFO  @ Fri, 28 Aug 2026 13:18:16: Loading R template file: /home/waqas/miniconda3/envs/crispr/lib/python3.11/site-packages/mageck/plot_template_indvgene.RTemplate. 
INFO  @ Fri, 28 Aug 2026 13:18:16: Loading Rnw template file: /home/waqas/miniconda3/envs/crispr/lib/python3.11/site-packages/mageck/plot_template.Rnw. 
DEBUG @ Fri, 28 Aug 2026 13:18:16: Setting up the visualization module... 
DEBUG @ Fri, 28 Aug 2026 13:18:16: Given sample labels: Low_Surv_1,Low_Surv_2 
DEBUG @ Fri, 28 Aug 2026 13:18:16: Converted index: 1 3 
INFO  @ Fri, 28 Aug 2026 13:18:16: Treatment samples:Low_Surv_1,Low_Surv_2 
INFO  @ Fri, 28 Aug 2026 13:18:16: Treatment sample index:1,3 
DEBUG @ Fri, 28 Aug 2026 13:18:16: Given sample labels: Low_Ctrl_1,Low_Ctrl_2 
DEBUG @ Fri, 28 Aug 2026 13:18:16: Converted index: 0 2 
INFO  @ Fri, 28 Aug 2026 13:18:16: Control samples:Low_Ctrl_1,Low_Ctrl_2 
INFO  @ Fri, 28 Aug 2026 13:18:16: Control sample index:0,2 
DEBUG @ Fri, 28 Aug 2026 13:18:16: Initial (total) size factor: 0.9685020245433702 1.0893147924297604 0.9292832801732333 1.027357265449931 
DEBUG @ Fri, 28 Aug 2026 13:18:17: Median factor: 0.9575277385232369 1.0775211817783696 0.9174861131685371 1.027058365754231 
INFO  @ Fri, 28 Aug 2026 13:18:17: Final size factor: 0.9575277385232369 1.0775211817783696 0.9174861131685371 1.027058365754231 
INFO  @ Fri, 28 Aug 2026 13:18:19: Detecting outliers from variance estimation.. Avg read count:[182.5693452924565], Var: [25450.72310227234] 
INFO  @ Fri, 28 Aug 2026 13:18:19: Skipping 1275 sgRNAs from variance calculation because of their extreme high counts (> 4* STD (mean counts) ). 
DEBUG @ Fri, 28 Aug 2026 13:18:19: Adjusted model: 1.0905199573856441	2.251687712154144 
INFO  @ Fri, 28 Aug 2026 13:18:20: Before RRA, 368 sgRNAs are removed with zero counts in both group(s). 
INFO  @ Fri, 28 Aug 2026 13:18:20: Use qnorm to reversely calculate sgRNA scores ... 
DEBUG @ Fri, 28 Aug 2026 13:18:25: lower test FDR cutoff: 0.35211314838569047 
DEBUG @ Fri, 28 Aug 2026 13:18:27: higher test FDR cutoff: 0.3639553308684826 
INFO  @ Fri, 28 Aug 2026 13:18:27: Running command: RRA -i low_rra.plow.txt -o low_rra.gene.low.txt -p 0.35211314838569047 --skip-gene NA --skip-gene na  
INFO  @ Fri, 28 Aug 2026 13:18:44: Command message: 
INFO  @ Fri, 28 Aug 2026 13:18:44:   Welcome to RRA v 0.5.9. 
INFO  @ Fri, 28 Aug 2026 13:18:44:   Skipping gene NA for permutation ... 
INFO  @ Fri, 28 Aug 2026 13:18:44:   Skipping gene na for permutation ... 
INFO  @ Fri, 28 Aug 2026 13:18:44:   Reading input file... 
INFO  @ Fri, 28 Aug 2026 13:18:44:   Summary: 238554 sgRNAs, 21697 genes, 1 lists; skipped sgRNAs:0 
INFO  @ Fri, 28 Aug 2026 13:18:44:   Computing lo-values for each group... 
INFO  @ Fri, 28 Aug 2026 13:18:44:   Computing false discovery rate... 
INFO  @ Fri, 28 Aug 2026 13:18:44:   Permuting genes with 2 sgRNAs... 
INFO  @ Fri, 28 Aug 2026 13:18:44:   Permuting genes with 3 sgRNAs... 
INFO  @ Fri, 28 Aug 2026 13:18:44:   Permuting genes with 4 sgRNAs... 
INFO  @ Fri, 28 Aug 2026 13:18:44:   Permuting genes with 5 sgRNAs... 
INFO  @ Fri, 28 Aug 2026 13:18:44:   Permuting genes with 6 sgRNAs... 
INFO  @ Fri, 28 Aug 2026 13:18:44:   Permuting genes with 7 sgRNAs... 
INFO  @ Fri, 28 Aug 2026 13:18:44:   Permuting genes with 8 sgRNAs... 
INFO  @ Fri, 28 Aug 2026 13:18:44:   Permuting genes with 9 sgRNAs... 
INFO  @ Fri, 28 Aug 2026 13:18:44:   Permuting genes with 10 sgRNAs... 
INFO  @ Fri, 28 Aug 2026 13:18:44:   Permuting genes with 11 sgRNAs... 
INFO  @ Fri, 28 Aug 2026 13:18:44:   Permuting genes with 12 sgRNAs... 
INFO  @ Fri, 28 Aug 2026 13:18:44:   Number of genes under FDR adjustment: 21697 
INFO  @ Fri, 28 Aug 2026 13:18:44:   Saving to output file... 
INFO  @ Fri, 28 Aug 2026 13:18:44:   RRA completed. 
INFO  @ Fri, 28 Aug 2026 13:18:44:   Groups deletion complete. 
INFO  @ Fri, 28 Aug 2026 13:18:44:   Lists deletion complete. 
INFO  @ Fri, 28 Aug 2026 13:18:44:    
INFO  @ Fri, 28 Aug 2026 13:18:44: End command message. 
INFO  @ Fri, 28 Aug 2026 13:18:44: Running command: RRA -i low_rra.phigh.txt -o low_rra.gene.high.txt -p 0.3639553308684826 --skip-gene NA --skip-gene na  
INFO  @ Fri, 28 Aug 2026 13:19:04: Command message: 
INFO  @ Fri, 28 Aug 2026 13:19:04:   Welcome to RRA v 0.5.9. 
INFO  @ Fri, 28 Aug 2026 13:19:04:   Skipping gene NA for permutation ... 
INFO  @ Fri, 28 Aug 2026 13:19:04:   Skipping gene na for permutation ... 
INFO  @ Fri, 28 Aug 2026 13:19:04:   Reading input file... 
INFO  @ Fri, 28 Aug 2026 13:19:04:   Summary: 238554 sgRNAs, 21697 genes, 1 lists; skipped sgRNAs:0 
INFO  @ Fri, 28 Aug 2026 13:19:04:   Computing lo-values for each group... 
INFO  @ Fri, 28 Aug 2026 13:19:04:   Computing false discovery rate... 
INFO  @ Fri, 28 Aug 2026 13:19:04:   Permuting genes with 2 sgRNAs... 
INFO  @ Fri, 28 Aug 2026 13:19:04:   Permuting genes with 3 sgRNAs... 
INFO  @ Fri, 28 Aug 2026 13:19:04:   Permuting genes with 4 sgRNAs... 
INFO  @ Fri, 28 Aug 2026 13:19:04:   Permuting genes with 5 sgRNAs... 
INFO  @ Fri, 28 Aug 2026 13:19:04:   Permuting genes with 6 sgRNAs... 
INFO  @ Fri, 28 Aug 2026 13:19:04:   Permuting genes with 7 sgRNAs... 
INFO  @ Fri, 28 Aug 2026 13:19:04:   Permuting genes with 8 sgRNAs... 
INFO  @ Fri, 28 Aug 2026 13:19:04:   Permuting genes with 9 sgRNAs... 
INFO  @ Fri, 28 Aug 2026 13:19:04:   Permuting genes with 10 sgRNAs... 
INFO  @ Fri, 28 Aug 2026 13:19:04:   Permuting genes with 11 sgRNAs... 
INFO  @ Fri, 28 Aug 2026 13:19:04:   Permuting genes with 12 sgRNAs... 
INFO  @ Fri, 28 Aug 2026 13:19:04:   Number of genes under FDR adjustment: 21697 
INFO  @ Fri, 28 Aug 2026 13:19:04:   Saving to output file... 
INFO  @ Fri, 28 Aug 2026 13:19:04:   RRA completed. 
INFO  @ Fri, 28 Aug 2026 13:19:04:   Groups deletion complete. 
INFO  @ Fri, 28 Aug 2026 13:19:04:   Lists deletion complete. 
INFO  @ Fri, 28 Aug 2026 13:19:04:    
INFO  @ Fri, 28 Aug 2026 13:19:04: End command message. 
DEBUG @ Fri, 28 Aug 2026 13:19:04: Sorting the merged items by negative selection... 
INFO  @ Fri, 28 Aug 2026 13:19:04: Loading top 10 genes from low_rra.gene.low.txt: JAK1,IFNGR2,SEC62,IRF1,STAT1,ZNF474,CYP8B1,HLA-E,PRSS57,CGA 
DEBUG @ Fri, 28 Aug 2026 13:19:04: Column index:3 
INFO  @ Fri, 28 Aug 2026 13:19:05: Loading top 10 genes from low_rra.gene.high.txt: NCR3LG1,MRPL41,DISP2,ANGPTL2,AMOTL2,HHEX,WDR70,PDS5A,PSMD6,MCTP1 
DEBUG @ Fri, 28 Aug 2026 13:19:05: Column index:9 
INFO  @ Fri, 28 Aug 2026 13:19:05: Running command: rm low_rra.plow.txt 
INFO  @ Fri, 28 Aug 2026 13:19:05: Running command: rm low_rra.phigh.txt 
INFO  @ Fri, 28 Aug 2026 13:19:05: Running command: rm low_rra.gene.low.txt 
INFO  @ Fri, 28 Aug 2026 13:19:05: Running command: rm low_rra.gene.high.txt 
